Ms, Ms, Ms, Ms, Ms, Ms, Ms, Ms, Ms, Ms, Ms, Ms, Ms, Ms, Ms, Ms, Ms, Ms, Ms, Ms, Ms, Ms, Ms, Ms, Ms, Ms, Ms, Ms, Ms, Ha^Fpa, Ha^Fpa, Aa^Fpa, Aa, Gg, Gg, Gll^Fp, Ha^Fpa, Ms, Ms, Ms, Ms, Ms, Ms, Ms, Ms, Ms, Ms, Ms, Ms, Ms, Ms, Ms, Ms
Ms, Ms, Ms, Ms, Ms, Ms, Ms, Ms, Ms, Ms, Ms, Ms, Ms, Ms, Ms, Ms, Ms, Ms, Ms, Ms, Ms, Ms, Ms, Ms, Ms, Ms, Ms, Ms, Ms, Ms, Ha^Fpa, Aa^Fpa, Gll^Fp, Gg, Gg, Gll^Fp, Aa^Fpa, Ha^Fpa, Hh^Fp, Ms, Ms, Ms, Ms, Ms, Ms, Ms, Ms, Ms, Ms, Ms, Ms, Ms, Ms
Ms, Ms, Ms, Ms, Ms, Ms, Ms, Ms, Ms, Ms, Ms, Ms, Ms, Ms, Ms, Ms, Ms, Ms, Ms, Ms, Ms, Ms, Ms, Ms, Ms, Ms, Ms, Ms, Ms, Ms, Ms, Ha^Fpa, Hh^Fp, Gll^Fp, Gg, Aa, Gg, Gll^Fp, Ha^Fpa, Ms, Ms, Ms, Ms, Ms, Ms, Ms, Ms, Ms, Ms, Ms, Ms, Ms, Ms
Ms, Ms, Ms, Ms, Ms, Ms, Ms, Ms, Ms, Ms, Ms, Ms, Ms, Ms, Ha^Fpa, Ms, Ms, Ms, Ms, Ms, Ms, Ms, Ms, Ms, Ms, Ms, Ms, Ms, Ms, Ms, Ms, Ha^Fpa, Aa^Fpa, Gll^Fp, Gg, Aa, Aa, Aa^Fpa, Ha^Fpa, Ms, Ms, Ms, Ms, Ms, Ms, Ms, Ms, Ms, Ms, Ms, Ms, Ms, Ms
Ms, Ms, Ms, Ms, Ms, Ms, Ms, Ms, Ha^Fpa, Ha^Fpa, Ha^Fpa, Ha^Fpa, Ha^Fpa, Ha^Fpa, Ha^Fpa, Ha^Fpa, Hh^Fp, Ms, Ha^Fpa, Ms, Ms, Ms, Ms, Ms, Ai, Ms, Ms, Ms, Ms, Ms, Ms, Ha^Fpa, Gll^Fp, Aa, Gg, Aa, Gll^Fp, Aa^Fpa, Hh^Fp, Ms, Ms, Ms, Ms, Ms, Ms, Ms, Ms, Ms, Ms, Ms, Ms, Ms, Ms
Ms, Ms, Ms, Ms, Ms, Ms, Ha^Fpa, Ha^Fpa, Hh^Fp, Hh^Fp, Hh^Fp, Hh^Fp, Ha^Fpa, Ha^Vhha, Hh^Fp, Hh^Fp, Gll^Fp, Hh^Fp, Hh^Fp, Ha^Fpa, Ms, Ms, Ms, Ms, Ms, Ai, Ai, Ms, Ha^Fpa, Ms, Ha^Fpa, Ha^Fpa, Gll^Fp, Aa, Aa, Aa^Fpa, Ha^Fpa, Hh^Fp, Ms, Ms, Ms, Ms, Ms, Ms, Ms, Ms, Ms, Ms, Ms, Ms, Ms, Ms, Ms
Ms, Ms, Ms, Ms, Ms, Ha^Fpa, Ha^Fpa, Hh^Fp, Hh^Fp, Hh^Fp, Cud, Aa^Fpa, Cud, Gll^Fp, Cud, Gll^Fp, Gg, Gll^Fp, Hh^Fp, Ha^Fpa, Ha^Fpa, Ms, Ms, Ms, Ha^Fpa, Ha^Fpa, Ai, Ha^Fpa, Aa^Fpa, Hh^Fp, Hh^Fp, Hh^Fp, Gll^Fp, Gg, Gg, Aa^Fpa, Hh^Fp, Ha^Fpa, Ms, Ms, Ms, Ms, Ms, Ms, Ms, Ms, Ms, Ms, Ms, Ms, Ms, Ms, Ms
Ms, Ms, Ms, Ms, Ha^Fpa, Ha^Fpa, Ha^Fpa, Hh^Fp, Hh^Fp, Cud, 1 Kud, Cud, Cud, Rb, Cud, Gg, Aa, Gll^Fp, Aa^Fpa, Ha^Fpa, Ha^Fpa, Ha^Fpa, Hh^Fp, Hh^Fp, Hh^Fp, Hh^Fp, Ww, Ww, Gg, Gll^Fp, Gll^Fp, Gll^Fp, Gg, Gg, Gg, Gll^Fp, Gll^Fp, Ha^Fpa, Ha^Fpa, Ms, Ms, Ms, Ms, Ms, Ms, Ms, Ms, Ms, Ms, Ms, Ms, Ms, Ms
Ms, Ms, Ms, Ms, Ms, Ha^Fpa, Ms, Ha^Fpa, Ha^Fpa, Cud, Cud, Cud, Gg, Gg, Cud, Gg, Gg, Aa, Aa, Aa^Fpa, Aa^Fpa, Hh^Fp, Gll^Fp, Gll^Fp, Gll^Fp, Gll^Fp, Ww, Ai, Aa, Gg, Gg, Gg, Aa, Aa, Gg, Gg, Gll^Fp, Hh^Fp, Ha^Fpa, Ha^Fpa, Ha^Fpa, Ms, Ms, Ms, Ms, Ms, Ms, Ms, Ms, Ms, Ms, Ms, Ms
Ms, Ms, Ms, Ms, Ms, Ms, Ms, Ms, Ha^Fpa, Hh^Fp, Cud, Cud, Rb, Gg, Gg, Gg, Gg, Gg, Aa, Aa^Vca, Gg, Gll^Fp, Gg, Gg, Aa, Gg, Ww, Aa, Gg, Aa, Aa, Gg, Aa, Gg, Aa, Gg, Gg, Gll^Fp, Aa^Fpa, Ha^Fpa, Hh^Fp, Ha^Fpa, Ms, Ms, Ms, Ms, Ms, Ms, Ms, Ms, Ms, Ms, Ms
Ms, Ms, Ms, Ms, Ms, Ms, Ms, Ms, Ms, Hh^Fp, Hh^Fp, Gll^Fp, Cud, Gg, Aa, Aa, Gg, Gll^Fp, Aa^Fma, Gg, Gg, Aa, Aa, Aa, Gg, Aa, Ww, Ww, Gg, Gg, Gll^Fp, Aa, Aa^Fma, Aa^Fma, Aa^Fma, Aa, Aa, Aa, Aa, Aa^Fpa, Gll^Fp, Hh^Fp, Ha^Fpa, Ms, Ms, Ms, Ms, Ms, Ms, Ms, Ms, Ms, Ms
Ms, Ms, Ms, Ms, Ms, Ms, Ms, Ms, Ms, Ms, Cud, Cud, Ai, Gg, Gg, Gg, Gg, Gll^Fp, Gll^Fp, Gll^Fp, Gg, Aa, Gg, Aa, Aa, Gg, Ww, Ai, Gg, Gg, Gg, Ha^Fpa, Hh^Fp, Gll^Fp, Gll^Fp, Aa^Fma, Aa, Gg, Gg, Gg, Gll^Fp, Hh^Fp, Ha^Fpa, Ms, Ms, Ms, Ms, Ms, Ms, Ms, Ms, Ms, Ms
Ms, Ms, Ms, Ms, Ms, Ms, Ms, Ms, Ms, Hh^Fp, Hh^Fp, Ai, Ww, Ww, Ww, Gg, Aa, Aa^Fma, Aa^Fma, Gg, Aa, Gg, Aa, Gg, Ww, Ww, Ai, Ai, Gg, Gg, Gll^Fp, Aa, Hh^Fp, Hh^Fp, Aa^Fma, Gll^Fp, Aa, Gg, Gg, Gg, Gll^Fp, Hh^Fp, Ha^Fpa, Ha^Fpa, Ha^Fpa, Ms, Ms, Ms, Ms, Ms, Ms, Ms, Ms
Ms, Ms, Ms, Ms, Ms, Ms, Ha^Fpa, Ha^Fpa, Ww, Ha^Vhha, Ww, Ww, Ha^Fpa, Ai, Ai, Ww, Ai, Aa^Vca, Aa, Gg, Aa, Gg, Ai, Ww, Ww, Ww, Gg, Gg, Gg, Gg, Gg, Gll^Fp, Gg, Aa^Fma, Aa, Aa, Gg, Aa, Aa, Gg, Gg, Aa^Fpa, Aa^Fpa, Hh^Fp, Hh^Fp, Ha^Fpa, Ww, Ai, Ai, Ms, Ms, Ms, Ms
Ms, Ms, Ms, Ms, Ha^Fpa, Ha^Fpa, Ai, Ai, Ha^Fpa, Ai, Hh^Fp, Hh^Fp, Ms, Ha^Fpa, Aa^Fpa, Ww, Ai, Aa, Ai, Ww, Ww, Gg, Ai, Ww, Gg, Gg, Aa, Aa, Gll^Fp, Gll^Fp, Gll^Fp, Gg, Aa^Fpa, Gg, Gg, Gg, Gs^Vc, Gg, Aa, Gg, Aa, Aa, Aa, Gll^Fp, Ai, Ww, Ai, Ai, Ms, Ms, Ms, Ms, Ms
Ms, Ms, Ms, Ms, Ms, Ha^Fpa, Ha^Fpa, Ha^Fpa, Ms, Ms, Ms, Ms, Ms, Ha^Fpa, Gll^Fp, Ww, Ww, Ai, Ww, Ww, Ww, Ai, Ww, Ww, Gg, Gg, Aa^Fpa, Aa^Fpa, Ha^Fpa, Hh^Fp, Hh^Fp, Aa^Fpa, Ha^Fpa, Gll^Fp, Aa^Fpa, Gg, Gg, Gg, Ai, Ai, Ai, Aa^Vca, Ww, Ai, Ww, Ww, Ms, Ms, Ms, Ms, Ms, Ms, Ms
Ms, Ms, Ms, Ms, Ms, Ms, Ms, Ms, Ms, Ms, Ms, Ms, Ms, Hh^Fp, Aa^Fpa, Aa, Ai, Ww, Ww, Aa, Aa, Ww, Aa, Aa, Aa^Fpa, Gll^Fp, Hh^Fp, Ha^Fpa, Ms, Ha^Fpa, Hh^Fp, Ha^Fpa, Ms, Hh^Fp, Ha^Fpa, Aa^Fpa, Aa^Fpa, Gg, Ww, Ww, Ww, Ww, Aa, Ww, Ha^Fpa, Ha^Fpa, Ms, Ms, Ms, Ms, Ms, Ms, Ms
Ms, Ms, Ms, Ms, Ms, Ms, Ms, Ms, Ms, Ms, Ms, Ms, Ms, Ha^Fpa, Aa^Fpa, Aa^Vca, Aa, Ai, Ww, Aa, Gg, Gg, Gg, Aa^Fpa, Ha^Fpa, Ha^Fpa, Ms, Ms, Ms^Xm, Ms, Ms, Ms, Ms, Ms, Ha^Fpa, Ha^Fpa, Gll^Fp, Gg, Ww, Ww, Gg, Gg, Gll^Fp, Aa^Fpa, Hh^Fp, Ms, Ms, Ms, Ms, Ms, Ms, Ms, Ms
Ms, Ms, Ms, Ms, Ms, Ms, Ms, Ms, Ms, Ms, Ms, Ms, Ha^Fpa, Ha^Fpa, Aa^Fpa, Aa, Gg, Ai, Ww, Gg, Aa, Aa, Aa^Fpa, Gll^Fp, Hh^Fp, Ms, Ms^Xm, Ms^Xm, Ms, Ms^Xm, Ms^Xm, Ms^Xm, Ms^Xm, Ms, Ms, Ha^Fpa, Hh^Fp, Gll^Fp, Ww, Ai, Aa, Gg, Gll^Fp, Hh^Fp, Ha^Fpa, Ms, Ms, Ms, Ms, Ms, Ms, Ms, Ms
Ms, Ms, Ms, Ms, Ms, Ms, Ms, Ms, Ms, Ms, Ms, Ha^Fpa, Ha^Fpa, Hh^Fp, Gll^Fp, Gg, Gg, Ww, Ai, Gg, Aa, Aa^Fpa, Ha^Fpa, Ha^Fpa, Ms, Ms^Xm, Ms, Ms, Ha^Fpa, Ms, Ha^Fpa, Ms, Ms^Xm, Ms, Ms, Hh^Fp, Ha^Fpa, Aa^Fpa, Ww, Ww, Aa, Gg, Aa^Fpa, Ha^Fpa, Ha^Fpa, Ms, Ms, Ms, Ms, Ms, Ms, Ms, Ms
Ms, Ms, Ms, Ms, Ms, Ms, Ms, Ms, Ms, Ms, Ms, Ms, Hh^Fp, Hh^Fp, Gll^Fp, Gg, Gg, Ww, Ai, Gg, Gll^Fp, Aa^Fpa, Hh^Fp, Ms, Ms^Xm, Ms^Xm, Ha^Fpa, Ha^Fpa, Qxdp, Ha^Fpa, Hh^Fp, Ms, Ms^Xm, Ms, Ms^Xm, Ha^Fpa, Ha^Fpa, Aa^Fpa, Ww, Ai, Ai, Aa, Aa^Fpa, Hh^Fp, Ha^Fpa, Ha^Fpa, Hh^Fp, Ha^Fpa, Ha^Fpa, Ms, Ms, Ms, Ms
Ms, Ms, Ms, Ms, Ms, Ms, Ms, Ms, Ms, Ms, Ms, Ha^Fpa, Ha^Fpa, Hh^Fp, Gll^Fp, Gg, Ww, Ww, Ww, Gg, Gll^Fp, Hh^Fp, Ha^Fpa, Ms, Ms^Xm, Ha^Fpa, Hh^Fp, Qxdp, Qxdp^Cov, Qxdp^Cov, Qxdp^Cov, Ha^Fpa, Ms, Ms^Xm, Ms^Xm, Ms, Hh^Fp, Gs^Vc, Aa^Fpa, Ww, Ww, Aa^Voa, Cte, Cte, Aa^Fpa, Aa^Fpa, Cte, Aa^Fpa, Aa^Fpa, Ha^Fpa, Ms, Ms, Ms
Ms, Ms, Ms, Ms, Ms, Ms, Ms, Ms, Ms, Ms, Ms, Ha^Fpa, Hh^Fp, Hh^Fp, Gll^Fp, Gg, Ww, Ai, Gg, Gg, Gll^Fp, Hh^Fp, Ha^Fpa, Ms, Ms^Xm, Ms, Ha^Fpa, Qxdp, Qxdp^Cov, 4 Uu^Kov, Qxdp^Cov, Ha^Fpa, Ha^Fpa, Ms, Ms^Xm, Ms, Ms, Ha^Fpa, Aa^Fpa, Ww, Ai, Aa, Cte, Aa, Aa, Cte, 3 Kte, Cte, Aa^Fpa, Ha^Fpa, Ms, Ms, Ms
Ms, Ms, Ms, Ms, Ms, Ms, Ms, Ms, Ms, Ms, Ha^Fpa, Ha^Fpa, Hh^Fp, Gll^Fp, Gg, Gg, Ww, Ai, Gg, Gg, Aa, Aa^Fpa, Ha^Fpa, Ms, Ms, Ms^Xm, Ms, Ha^Fpa, Ww, Qxdp^Cov, Ha^Fpa, Qxdp, Hh^Fp, Ms, Ms^Xm, Ms, Ha^Fpa, Ha^Fpa, Aa^Fpa, Ww, Ww, Aa, Gg, Rb, Rb, Cte, Cte, Cte, Aa^Fpa, Ha^Fpa, Ms, Ms, Ms
Ms, Ms, Ms, Ms, Ms, Ms, Ms, Ms, Ms, Ms, Ha^Fpa, Hh^Fp, Gll^Fp, Gll^Fp, Aa, Ai, Ww, Ww, Gg, Gg, Aa, Aa^Fpa, Hh^Fp, Ha^Fpa, Ha^Fpa, Ms, Hh^Fp, Ha^Fpa, Ww, Ha^Fpa, Ms, Ha^Fpa, Ms^Xm, Ms^Xm, Ms, Ms, Hh^Fp, Gll^Fp, Aa, Ai, Ww, Gg, Cte, Aa, Aa^Voa, Rb, Rb, Aa^Fpa, Ha^Fpa, Ha^Fpa, Ms, Ms, Ms
Ms, Ms, Ms, Ms, Ms, Ms, Ms, Ms, Ms, Ms, Ha^Fpa, Hh^Fp, Aa^Fpa, Aa, Gg, Ai, Ww, Gs^Vc, Gg, Aa, Gg, Gll^Fp, Gll^Fp, Hh^Fp, Aa^Fpa, Hh^Fp, Gll^Fp, Ww, Aa^Fpa, Ha^Fpa, Ms, Ms^Xm, Ms, Ms, Ha^Fpa, Ha^Fpa, Aa^Fpa, Gll^Fp, Ai, Ai, Ww, Gg, Cte, Gll^Fp, Gll^Fp, Aa, Gll^Fp, Gll^Fp, Ha^Fpa, Ha^Fpa, Ms, Ms, Ms
Ms, Ms, Ms, Ms, Ms, Ms, Ms, Ms, Ms, Ms, Ha^Fpa, Ha^Fpa, Hh^Fp, Gll^Fp, Gll^Fp, Ww, Ai, Ww, Ww, Aa, Ai, Gg, Gg, Gll^Fp, Gg, Gll^Fp, Gg, Ww, Gll^Fp, Hh^Fp, Ha^Fpa, Ha^Fpa, Ha^Fpa, Hh^Fp, Aa^Fpa, Aa^Fpa, Aa, Ww, Ww, Ww, Aa^Fpa, Aa^Fpa, Ha^Fpa, Cte, Hh^Fp, Aa^Fpa, Hh^Fp, Hh^Fp, Ms, Ms, Ms, Ms, Ms
Ms, Ms, Ms, Ms, Ms, Ms, Ms, Ms, Ms, Ms, Ms, Ha^Fpa, Ha^Fpa, Hh^Fp, Gll^Fp, Gg, Gg, Ai, Ww, Ai, Ww, Ai, Ww, Gg, Gg, Gg, Gg, Ww, Gll^Fp, Hh^Fp, Hh^Fp, Hh^Fp, Hh^Fp, Aa^Fpa, Gg, Aa, Ww, Ww, Ai, Gll^Fp, Hh^Fp, Ha^Fpa, Ms, Ha^Fpa, Ha^Fpa, Ha^Fpa, Ms, Ms, Ms, Ms, Ms, Ms, Ms
Ms, Ms, Ms, Ms, Ms, Ms, Ms, Ms, Ms, Ms, Ms, Ms, Ms, Ha^Fpa, Hh^Fp, Gll^Fp, Aa, Aa, Gg, Ww, Ai, Ww, Ww, Gg, Gg, Gg, Gg, Ww, Gs^Vc, Gll^Fp, Gll^Fp, Gll^Fp, Gll^Fp, Gll^Fp, Aa, Aa, Ww, Ai, Aa, Gll^Fp, Hh^Fp, Ha^Fpa, Ms, Ms, Ms, Ms, Ms, Ms, Ms, Ms, Ms, Ms, Ms
Ms, Ms, Ms, Ms, Ms, Ms, Ms, Ms, Ms, Ms, Ms, Ms, Ms, Ms, Ha^Fpa, Aa^Fpa, Gg, Gg, Gg, Gg, Gs^Vc, Ai, Ww, Gg, Gll^Fp, Gll^Fp, Gll^Fp, Ww, Ww, Ww, Ww, Gg, Gg, Aa, Gg, Gg, Ww, Ai, Gg, Gll^Fp, Aa^Fpa, Ha^Fpa, Ha^Fpa, Ms, Ms, Ms, Ms, Ms, Ms, Ms, Ms, Ms, Ms
Ms, Ms, Ms, Ms, Ms, Ms, Ms, Ms, Ms, Ms, Ms, Ms, Ms, Ms, Ha^Fpa, Aa^Fpa, Aa, Gg, Aa^Fma, Gg, Gg, Ai, Ww, Gll^Fp, Ww, Ai, Ww, Ww, Ww, Ww, Ai, Ww, Ww, Ai, Ww, Ww, Ww, Ww, Gg, Aa, Gll^Fp, Hh^Fp, Hh^Fp, Ha^Fpa, Ha^Fpa, Ms, Ms, Ms, Ms, Ms, Ms, Ms, Ms
Ms, Ms, Ms, Ms, Ms, Ms, Ms, Ms, Ms, Ms, Ms, Ms, Ms, Hh^Fp, Gll^Fp, Aa^Fpa, Gg^Ve, Aa, Aa, Gg, Gg, Ww, Ww, Ww, Ww, Ww, Ai, Ww, Ww, Ww, Ai, Ai, Ww, Ww, Ai, Ai, Gg, Gg, Gg, Aa, Aa, Gll^Fp, Aa^Fpa, Ha^Fpa, Ms, Ms, Ms, Ms, Ms, Ms, Ms, Ms, Ms
Ms, Ms, Ms, Ms, Ms, Ms, Ms, Ms, Ms, Ms, Ms, Ms, Ms, Ha^Fpa, Hh^Fp, Gll^Fp, Gg, Gg, Gg, Aa, Aa^Fma, Gg, Gg, Ai, Aa, Ww, Ai, Ai, Ww, Ww, Ww, Ww, Ww, Ww, Gg, Gg, Gg, Gg, Gg, Gg, Aa, Aa^Fpa, Ha^Fpa, Ha^Fpa, Ms, Ms, Ms, Ms, Ms, Ms, Ms, Ms, Ms
Ms, Ms, Ms, Ms, Ms, Ms, Ms, Ms, Ms, Ms, Ms, Ms, Hh^Fp, Ha^Fpa, Aa^Fpa, Gll^Fp, Aa, Gg, Aa^Fma, Aa^Fma, Hh^Fp, Gll^Fp, Gg, Aa, Ww, Ww, Ww, Ww, Ww, Ww, Ww, Ww, Ai, Gg, Gg, Gg, Gg, Gg, Aa, Aa, Gll^Fp, Aa^Fpa, Hh^Fp, Ms, Ms, Ms, Ms, Ms, Ms, Ms, Ms, Ms, Ms
Ms, Ms, Ms, Ms, Ms, Ms, Ms, Ms, Ms, Ms, Ms, Ms, Cud, Aa^Fpa, Gg, Aa^Vea, Aa, Aa^Fma, Ha^Fpa, Ha^Fpa, Hh^Fp, Gll^Fp, Aa, Ai, Ww, Ww, Ww, Ww, Ai, Ww, Ww, Ai, Aa, Gg, Gg, Gg, Aa, Aa^Vca, Aa, Aa^Fpa, Ha^Fpa, Hh^Fp, Ms, Ms, Ms, Ms, Ms, Ms, Ms, Ms, Ms, Ms, Ms
Ms, Ms, Ms, Ms, Ms, Ms, Ms, Ms, Ha^Fpa, Ms, Cud, Ha^Fpa, Hh^Fp, Cud, Aa, Gg, Gg, Aa^Fma, Aa^Fma, Hh^Fp, Gll^Fp, Aa^Fma, Gg, Ai, Ai, Ww, Ww, Ai, Aa, Aa, Aa, Aa, Aa^Fpa, Aa, Gll^Fp, Aa, Aa^Fpa, Aa, Gll^Fp, Aa^Fpa, Ha^Fpa, Ms, Ms, Ms, Ms, Ms, Ms, Ms, Ms, Ms, Ms, Ms, Ms
Ms, Ms, Ms, Ms, Ms, Ms, Ms, Ha^Fpa, Ha^Fpa, Cud, 2 Kud, Cud, Aa, Cud, Aa, Gg, Gg, Aa, Aa, Gll^Fp, Gg, Gg, Gg, Gg, Gg, Aa, Ww, Ai, Aa, Aa^Vca, Gll^Fp, Aa^Fpa, Ha^Fpa, Gll^Fp, Hh^Fp, Gll^Fp, Ha^Fpa, Aa^Fpa, Ha^Fpa, Hh^Fp, Ms, Ms, Ms, Ms, Ms, Ms, Ms, Ms, Ms, Ms, Ms, Ms, Ms
Ms, Ms, Ms, Ms, Ms, Ms, Ms, Ha^Fpa, Ha^Fpa, Cud, Cud, Cud, Rb, Rb, Gg, Gg, Gg, Aa, Gg, Gg, Gll^Fp, Gg, Gll^Fp, Gg, Gg, Ai, Ww, Ww, Aa^Fpa, Gll^Fp, Hh^Fp, Hh^Fp, Ha^Fpa, Ha^Fpa, Ha^Fpa, Hh^Fp, Ha^Fpa, Hh^Fp, Ms, Ha^Fpa, Ms, Ms, Ms, Ms, Ms, Ms, Ms, Ms, Ms, Ms, Ms, Ms, Ms
Ms, Ms, Ms, Ms, Ms, Ms, Ms, Ms, Ms, Hh^Fp, Hh^Fp, Gll^Fp, Gll^Fp, Cud, Gg, Gg, Gg, Aa, Aa^Fpa, Gll^Fp, Hh^Fp, Gll^Fp, Hh^Fp, Aa^Fpa, Aa^Fpa, Gll^Fp, Ai, Ww, Hh^Fp, Ha^Fpa, Ha^Fpa, Ha^Fpa, Ms, Ms, Ms, Ha^Fpa, Ms, Ms, Ms, Ms, Ms, Ms, Ms, Ms, Ms, Ms, Ms, Ms, Ms, Ms, Ms, Ms, Ms
Ms, Ms, Ms, Ms, Ms, Ms, Ms, Ms, Ms, Ms, Ha^Fpa, Hh^Fp, Cud, Cud, Aa, Gg, Aa, Gll^Fp, Hh^Fp, Ha^Fpa, Ha^Fpa, Ha^Fpa, Ha^Fpa, Ha^Fpa, Ha^Fpa, Hh^Fp, Ai, Ww, Ha^Fpa, Ha^Fpa, Ms, Ms, Ms, Ms, Ms, Ms, Ms, Ms, Ms, Ms, Ms, Ms, Ms, Ms, Ms, Ms, Ms, Ms, Ms, Ms, Ms, Ms, Ms
Ms, Ms, Ms, Ms, Ms, Ms, Ms, Ms, Ms, Ms, Ms, Ha^Fpa, Aa^Fpa, Aa^Vea, Aa, Aa, Aa^Fpa, Aa^Fpa, Ha^Fpa, Ha^Fpa, Ms, Ms, Ms, Ms, Ms, Ha^Fpa, Ha^Fpa, Ww, Ms, Ms, Ms, Ms, Ms, Ms, Ms, Ms, Ms, Ms, Ms, Ms, Ms, Ms, Ms, Ms, Ms, Ms, Ms, Ms, Ms, Ms, Ms, Ms, Ms
Ms, Ms, Ms, Ms, Ms, Ms, Ms, Ms, Ms, Ms, Ms, Ha^Fpa, Gll^Fp, Aa, Gg, Aa^Fpa, Ha^Fpa, Ha^Fpa, Ms, Ms, Ms, Ms, Ms, Ms, Ms, Ms, Ha^Fpa, Ww, Ms, Ms, Ms, Ms, Ms, Ms, Ms, Ms, Ms, Ms, Ms, Ms, Ms, Ms, Ms, Ms, Ms, Ms, Ms, Ms, Ms, Ms, Ms, Ms, Ms
Ms, Ms, Ms, Ms, Ms, Ms, Ms, Ms, Ms, Ms, Ha^Fpa, Hh^Fp, Gll^Fp, Gg, Gs^Vc, Gll^Fp, Ha^Fpa, Ms, Ms, Ms, Ms, Ms, Ms, Ms, Ms, Ms, Ai, Ww, Ww, Ms, Ms, Ms, Ms, Ms, Ms, Ms, Ms, Ms, Ms, Ms, Ms, Ms, Ms, Ms, Ms, Ms, Ms, Ms, Ms, Ms, Ms, Ms, Ms
Ms, Ms, Ms, Ms, Ms, Ms, Ms, Ms, Ms, Ha^Fpa, Hh^Fp, Gll^Fp, Gg, Gg, Gll^Fp, Hh^Fp, Ms, Ms, Ms, Ms, Ms, Ms, Ms, Ms, Ms, Ai, Ai, Ww, Ww, Ai, Ai, Ms, Ms, Ms, Ms, Ms, Ms, Ms, Ms, Ms, Ms, Ms, Ms, Ms, Ms, Ms, Ms, Ms, Ms, Ms, Ms, Ms, Ms
Ms, Ms, Ms, Ms, Ms, Ms, Ms, Ms, Ha^Fpa, Ha^Fpa, Gll^Fp, Gll^Fp, Gg, Aa, Aa^Fpa, Ha^Fpa, Ha^Fpa, Ms, Ms, Ms, Ms, Ms, Ms, Ms, Ms, Ms, Ms, Ai, Ms, Ai, Ms, Ms, Ms, Ms, Ms, Ms, Ms, Ms, Ms, Ms, Ms, Ms, Ms, Ms, Ms, Ms, Ms, Ms, Ms, Ms, Ms, Ms, Ms
Ms, Ms, Ms, Ms, Ms, Ms, Ms, Ha^Fpa, Ha^Fpa, Hh^Fp, Gll^Fp, Gg, Gg, Gg, Aa^Fpa, Aa^Fpa, Hh^Fp, Ms, Ms, Ms, Ms, Ms, Ms, Ms, Ms, Ms, Ms, Ms, Ms, Ms, Ms, Ms, Ms, Ms, Ms, Ms, Ms, Ms, Ms, Ms, Ms, Ms, Ms, Ms, Ms, Ms, Ms, Ms, Ms, Ms, Ms, Ms, Ms
Ms, Ms, Ms, Ms, Ms, Ms, Ms, Ms, Ha^Fpa, Hh^Fp, Aa^Fpa, Aa, Aa, Aa, Aa^Fpa, Ha^Fpa, Ms, Ms, Ms, Ms, Ms, Ms, Ms, Ms, Ms, Ms, Ms, Ms, Ms, Ms, Ms, Ms, Ms, Ms, Ms, Ms, Ms, Ms, Ms, Ms, Ms, Ms, Ms, Ms, Ms, Ms, Ms, Ms, Ms, Ms, Ms, Ms, Ms
Ms, Ms, Ms, Ms, Ms, Ms, Ms, Ms, Ms, Ha^Fpa, Aa^Fpa, Gg, Gg, Gg, Aa^Fpa, Ha^Fpa, Ms, Ms, Ms, Ms, Ms, Ms, Ms, Ms, Ms, Ms, Ms, Ms, Ms, Ms, Ms, Ms, Ms, Ms, Ms, Ms, Ms, Ms, Ms, Ms, Ms, Ms, Ms, Ms, Ms, Ms, Ms, Ms, Ms, Ms, Ms, Ms, Ms
