border_size=1
usage=map

Mm, Mm, Mm, Mm, Mm, Mm, Mm, Hh^Fms, Hh^Fms, Hh^Fms, Hh^Fms, Hh^Fms, Hh^Fms, Hh, Hh, Gg, Gs, Hh, Hh, Hh, Gs, Gg, Gg, Gg, Gg, Gs, Gg, Gg, Gs, Gg, Gs, Gg, Gg, Gg, Gg^Es, Gs, Gg, Gg, Gs, Gg, Rr, Rr, Rr, Gg, Gg, Gg, Gs, Gg, Gs, Gs, Gs^Fms, Gs, Hh, Hh, Hh, Gs, Gs, Gs, Gs, Gg, Gg, Gg, Gg, Gg, Gg, Gg, Gs, Gg, Gg^Es, Gg, Gg^Es, Gg, Gs, Gg, Gs, Gg, Gg, Gg, Rr, Rr, Rr, Gg, Gg, Gg, Gg, Gg, Gg, Gg, Gg, Gg, Gg, Gg, Gg, Gg, Gg, Gg
Mm, Mm, Mm, Mm, Hh^Fms, Mm, Hh^Fms, Hh^Fms, Hh, Hh, Hh, Hh, Hh, Hh, Hh, Gg, Gs, Hh, Hh, Hh, Gs^Fms, Gs, Gg, Gg, Gs, Gg, Gg, Gg^Es, Gg, Gg, Gs, Gg, Gg, Gs, Gs, Gs, Gs, Gg, Gg, Gs, Rr, Rr, Rr, Gs, Gg, Gg, Gg, Gg, Gs, Gs^Fms, Hh^Fms, Hh, Hh, Hh, Hh, Hh, Hh, Gs^Fms, Gs, Gg, Gs, Gs, Gg^Es, Gs, Gs, Gg, Gg, Gg, Gg, Gg, Gg, Gg, Gg, Gs, Gg, Gg, Rr, Rr, Rr, Rr, Gg, Gg, Gg^Es, Gg, Gg, Gg, Gg, Gg^Es, Gg, Gg^Es, Gg, Gg, Gg, Gg, Gg, Gg
Mm, Mm, Mm, Hh^Fms, Hh^Fms, Hh, Hh, Hh, Hh, Gs, Hh, Hh, Hh, Hh, Gg, Gs, Hh, Hh, Hh, Gs, Gs, Gs, Gg, Gg, Gg, Gs, Gg, Gg, Gs, Gg, Gs, Gg, Gs, Gg, Gg, Gg, Gg, Gg, Gg, Gg, Rr, Rr, Rr, Gg, Gg, Gs, Gg, Gg, Gs, Gs^Fms, Hh^Fms, Hh, Hh, Hh^Fms, Hh, Hh, Hh, Hh^Fms, Gs^Fms, Gs, Gg, Gg, Gs, Gs, Gs^Fms, Gs, Gs, Gs, Gs, Gs, Gg, Gs, Gg, Gg, Rr, Rr, Rr, Rr, Gg, Gg, Gg, Gg, Gg^Es, Gg, Gg, Gg, Gg, Gg, Gg, Gg, Gg, Gg, Gg^Es, Gg, Gg, Gg
Mm, Mm, Hh^Fms, Hh^Fms, Hh, Hh, Gs, Gs, Gg, Gs, Gs, Gs, Gs^Es, Gs, Gs^Es, Gs, Hh, Hh, Hh, Gs^Fms, Gg, Gg, Gg^Es, Gg, Gg, Gg, Gg, Gg, Gg, Gs, Gs, Gg, Gg, Gg, Gg, Gg, Gs, Gg, Gs, Gs, Rr, Rr, Rr, Gs, Gg, Gg, Gs, Gg, Gs, Gs^Fms, Gs, Hh, Gs^Fms, Hh^Fms, Hh, Hh, Hh, Gs, Gs^Fms, Gs, Gg, Gs, Gs^Fms, Gs, Hh, Hh, Gs^Fms, Gs^Fms, Gs, Gs, Gg, Gs, Gs, Rr, Rr, Rr, Gg, Gg, Gg, Gg, Gs, Gg, Gg, Gg, Gs, Gg, Gs, Gg, Gs, Gs, Gs^Es, Gs, Gs, Gs, Gs, Gg
Mm, Hh^Fms, Hh, Hh, Gs, Gs, Gg, Gg, Gg^Es, Gg, Gg, Gg, Gg, Gg, Gs, Hh, Hh, Hh, Gs, Gs^Fms, Gg, Gg, Gg, Gg, Gg, Gs, Gg, Gg, Gg, Gg^Es, Gs, Gg, Gg, Gs, Gg, Gg, Gg, Gg, Gs, Gg, Rr, Rr, Rr, Gg, Gs, Gg, Gg, Gg, Gs, Gs^Fms, Gs, Gs, Gs, Gs^Fms, Hh^Vhh, Hh, Gs, Gs^Fms, Gs, Gs, Gg, Gs, Gs^Fms, Hh^Fms, Hh^Fms, Hh^Fms, Hh, Gs^Fms, Gs, Gg, Gg^Es, Gg, Gg, Rr, Rr, Gg, Gs, Gs, Gs, Gs, Gs, Gs, Gs, Gs, Gs, Gs, Gs, Gs, Gs, Gs, Gs, Gs, Gs, Gs^Es, Gs, Gs
Mm, Hh^Fms, Hh, Hh, Gs, Gg, Gg, Gg, Gs, Gs^Es, Gg, Gg, Gs^Fms, Gs, Hh, Hh, Hh, Hh^Vhh, Gs, Gg, Gg, Gg, Gg, Gg, Gs^Es, Gg, Gg, Gg, Gg, Gg, Gg, Gg, Gs, Gg, Gs, Gs, Gs, Gg, Gg, Gg, Rr, Rr, Rr, Gg^Es, Gg, Gg, Gg, Gs, Gg, Gs, Gg, Gg, Gg, Gs, Gs, Gs, Gg, Gs, Gs, Gg, Gg, Gs, Gs^Fms, Hh, Hh^Fms, Hh^Fms, Hh, Gs, Gs, Gg, Gg, Gg, Gs, Rr, Rr, Gs, Gs, Gs, Gs, Gs, Gs, Gs, Gs, Gs, Gs, Gs, Gs, Gs, Gs, Gs, Gs, Gs, Gs, Gs, Gs, Gs
Mm, Hh^Fms, Hh, Hh, Gg, Gg^Es, Gs, Gs, Hh, Hh, Gs, Gg, Gs, Hh, Hh, Hh, Gs^Fms, Gs^Fms, Gs, Gg, Gg^Es, Gg, Gg, Gg, Gg^Es, Gg, Gg, Gg, Gg, Gg, Gg, Gg, Gs, Gg, Gg, Gg, Gg, Gg, Gg, Gg, Rr, Rr, Rr, Gg, Gg, Gs, Gg, Gs, Gg, Gg, Gs, Gg, Gg^Es, Gg, Gg, Gg^Es, Gg, Gg, Gs, Gg, Gg, Gs, Hh, Hh, Gs^Fms, Hh, Gs^Fms, Gs^Fms, Gs^Es, Gg, Gg, Gg, Gs, Rr, Rr, Gs, Gs, Gs, Gs, Gs, Gs, Gs, Gs, Gs^Es, Gs, Gs^Es, Gs, Gs, Gd^Es, Gs^Es, Gs, Gs, Gs, Gs^Es, Gs, Gs
Hh^Fms, Hh^Fms, Hh, Gs, Gs, Gg, Gs, Hh, Hh, Hh, Gs, Gg, Gg, Gs^Fms, Gs, Hh, Gs^Fms, Gs, Gs, Gg, Gg, Gg, Gg, Gg, Gg, Gg, Gg, Gs, Gs, Gg, Gs, Gg, Gs, Gs, Gs, Gg, Rr^Vhc, Gs, Gs, Gg, Rr, Rr, Rr, Gs, Gg, Gs, Gg, Gg, Gs, Gs, Rr^Vhc, Gg, Gg, Gs, Gg, Gs, Gs, Gg, Gg, Gg, Gg, Gs, Gs, Gs, Gs, Gs, Gs, Gs, Gg, Gg, Gg, Gs, Gs, Rr, Rr, Gs, Gs^Es, Gs^Es, Gs, Gs, Gd, Gd, Gd, Gd, Gd^Es, Gd, Gd, Gd^Es, Gd, Gs, Gs, Gs, Gs^Es, Gs, Gs, Gs
Hh, Hh, Gs, Gs, Gs, Gs^Fms, Gs^Fms, Hh, Hh, Hh, Gs^Fms, Gs, Gg, Gs, Gg, Gs, Gg, Gg, Gg, Gg, Gg, Gg, Gg, Gg, Gs, Rr^Vhc, Gs, Gg, Gs, Gg, Gg, Gg, Gg, Gg, Gg, Gs, Gg, Gs, Gg, Gg, Rr, Rr, Rr, Gg, Gs, Gg, Gs, Gg, Gg, Gg, Gg, Gs, Hh, Gg, Gg, Gg, Gg, Rr^Vhc, Gg, Gs, Gg, Gg, Gg^Es, Gg, Gs, Gs, Gg, Gs, Gg, Gs, Gg^Es, Gs, Gs, Rr, Rr, Gs, Gs, Gs, Gs, Gd, Gd, Gd^Es, Gd, Gd^Tmw, Gd, Gd, Gd, Gd^Taw, Gd, Gd, Gd, Gd, Gd, Gs, Gs, Gs
Hh, Hh, Gs, Gg, Gg, Gs, Gs^Fms, Hh, Hh, Gs^Fms, Gs, Gs, Gg^Es, Gg, Gs, Gg, Gg, Gg, Gg, Gg, Gg, Gg, Gg, Gg^Es, Gg, Gg, Gg, Gs, Gg, Gg, Ch, Ch, Ch, Gg, Gg, Gs, Gg, Gg, Gs, Gg, Rr, Rr, Rr, Gs, Gg, Gg^Es, Gg, Gg, Gg, Gg, Gg, Hh, Ch, Hh, Gg, Gg, Gg, Gs, Gg, Gs, Gg, Gg, Gs, Gg, Gg, Gg, Gs, Gg, Gs, Gg, Gs, Gs, Rr, Rr, Rr, Gs, Gs^Tae, Gd, Gd, Gd^Tme, Gd, Gd, Gd, Gd, Gd, Gd, Gd, Gd, Gd, Gd, Gd, Gd^Tmw, Gd^Es, Gd, Gs, Gs
Gs, Gs, Gg, Gg, Gg, Gs, Gs, Gs, Gs, Gs^Fms, Gg, Gg, Gs, Gs, Gs, Gg, Gg, Gg, Gg, Gg, Gg^Es, Gg, Gg, Gs, Gg, Gs, Gg, Gs, Gg, Ch, Gg, Kh, Gs, Ch, Gg, Gg, Gg^Es, Gg, Gg, Gg, Rr, Rr, Rr, Gg, Gg, Gg, Gs, Gs, Gs, Gg, Hh, Ch, Kh, Ch, Ch, Gg, Gg, Gs, Gg, Gg, Gg, Gg^Es, Gg, Gg, Gg, Gs, Gg, Gg, Gs, Gs, Rr, Rr, Rr, Rr, Gd, Gd, Gd, Gd, Gd^Es, Gd, Gd, Gd, Gd, Gd, Hd, Hd, Hd, Hd, Hd, Gd, Gd, Gd, Gd, Gd^Es, Gs, Gs^Es
Gg^Es, Gg, Gg, Gg, Gs^Es, Gg, Gs, Gg, Gg, Gg, Gg, Gg, Gg, Gg, Gg^Es, Gg, Gs, Gg, Gs, Gs, Gg, Gg, Gg, Gg, Gg, Gg, Gg, Gs, Gg, Ch, Gs, Ch, Gs, Ch, Gg, Gs, Gg, Gg, Gg, Gs, Rr, Rr, Rr, Gg, Gs, Gs, Gg, Gs, Gs, Gg, Hh, Hh, Ch, Kh, Ch, Hh, Hh, Gg, Gs, Gs, Gg, Gg, Gs, Gg, Gg, Gs, Gs, Gs, Rr, Rr, Rr, Rr, Gd^Es, Gd, Gd^Es, Gd, Gd, Gd, Hd, Gd, Hd, Hd, Hd, Hd, Mms, Mms, Mms, Mms, Mms, Hd, Gd, Gd, Gd^Es, Gd^Taw, Gs, Gs
Gs, Gs, Gg, Gs, Gg, Gg, Gs, Gs, Gs^Es, Gg, Gs, Gs, Gg, Gs, Gg, Gs, Gg, Gs, Gs, Gg, Gs, Gs, Gg, Gg, Gg, Gs, Gs, Gg, Gg, Ch, Gs, Ch, Gg, Ch, Gg, Gg, Gs, Gg, Gs, Gs, Rr, Rr, Rr, Gg, Gs, Gg, Gg^Es, Gg, Gs, Gg, Gg, Hh, Hh, Hh, Hh, Hh, Gg, Gg, Gs, Gg, Gg, Gg, Gs, Gs, Gs, Gs, Rr, Rr, Rr, Rr, Gd, Gd^Es, Gd, Gd^Tme, Gd, Gd, Hd, Hd, Mms, Hd, Mms, Mms, Mms, Mms, Mms, Mms, Mms, Mms, Mms, Hd, Hd, Gd, Gd, Gd, Gs, Gs
Gg, Gg, Rr, Rr, Rr, Gg, Gg, Gg, Gg, Gg, Gg, Gs, Gs, Gg, Gg, Gg, Rr, Gg, Gg, Gg, Gg, Gs, Gs, Gg, Gg, Gs, Gs, Gg, Gs, Gg, Ch, Kh, Ch, Gg, Gg, Gg, Gg, Gg, Gs, Gg, Rr, Rr, Rr, Gs, Gs, Gg, Gs, Gg, Gg, Gg, Gg, Gg, Gg, Hh, Gs, Gg, Gg, Gg, Gg, Gg, Gg, Gg, Gs, Gs, Rr, Rr, Rr, Rr, Gs, Gd, Gd^Es, Gd, Gd, Gd^Es, Hd, Hd, Mms, Mms, Mms, Mms, Mms, Mms, Mms, Mms, Mms, Mms, Mms, Mms, Mms, Mms, Hd, Gd, Gd, Gd, Gs, Gs
Rr, Rr, Rr, Rr, Rr, Rr, Rr, Gs, Gg, Gg, Gs, Gs, Gg, Gg, Rr, Rr, Rr, Rr, Rr, Gg, Gg, Gg, Gg, Gg, Gs, Gg, Gg, Gs, Gs, Gg, Gg, Ch, Gg, Gg, Gg, Gs^Es, Gs, Gg, Gg, Gg, Rr, Rr, Rr, Gg, Gg, Gg, Gs^Es, Gg, Gs, Gg, Gs, Gg, Gg^Es, Gg, Gg, Gs, Gs, Gs^Es, Gg, Gg, Gg, Gg, Gg, Gs, Rr, Rr, Rr, Gs, Gd, Gd^Tae, Gd^Es, Gd, Gd, Gd, Hd, Mms, Mms, Mms, Mms, Mms, Mms, Mms, Mms, Mms, Mms, Mms, Mms, Mms, Mms, Mms, Hd, Gd, Gd, Gd^Es, Gd^Tmw, Gs
Rr, Rr, Gg, Gg, Gg, Rr, Rr, Rr, Rr, Gg, Gg, Gg, Rr, Rr, Rr, Rr, Gg, Rr, Rr, Rr, Rr, Gg, Rr, Gg, Gg, Gs, Gg, Gg, Gs, Gg, Gs, Gg, Gg, Gg, Gg, Gs, Gg, Gg, Ww, Gg, Rr, Rr, Rr, Gg, Gg, Gg, Gg, Gg, Gg, Gg, Gg, Gg, Gs, Gs, Gg, Gg, Gg, Gs, Gg, Gs, Gg, Gg, Rr, Rr, Rr, Rr, Gd, Gd, Gd^Es, Gd, Gd, Gd, Gd, Hd, Mms, Mms, Mms, Mms, Mms, Mms, Mms, Mms, Mms, Mms, Mms, Mms, Mms, Mms, Mms, Mms, Hd, Gd, Gd^Es, Gd, Gd^Es, Gs
Gg, Gg, Gs, Gg, Gg, Gg, Gg, Rr, Rr, Rr, Rr, Rr, Rr, Rr, Gg, Gs, Gs, Gs, Gg, Rr, Rr, Rr, Rr, Rr, Rr, Gg, Gg, Gg, Gg, Gs, Gg, Gs, Gg, Gs, Gg, Gg, Ww, Ww, Ww, Ww, Ww^Bsb|, Ww^Bsb|, Ww^Bsb|, Ww, Ww, Gg, Gg, Gg, Gg, Gg, Gg, Gs, Gg, Gg, Ww, Ww, Ww, Ww, Wwf, Gg, Ww^Bsb/, Rr, Rr, Rr, Gs, Gs, Gd, Gd^Tme, Gd, Gd, Hd, Gd, Hd, Hd, Mms, Mms, Mms, Mms, Mms, Mms, Mms, Mms, Mms, Mms, Mms, Mms, Mms, Mms, Mms, Hd, Gd, Gd, Gd^Taw, Gd^Es, Gs, Gs
Gs, Gs, Hh, Gs, Gs, Gs, Gs, Gg, Gg, Rr, Rr, Rr, Gg, Gg, Gg, Gg, Gg^Es, Gs, Gg, Gg, Gg, Rr, Gg, Rr, Rr, Rr, Rr, Gg, Gg, Gg, Ww, Ww, Ww, Ww, Ww, Gg, Ww, Kh, Kh, Kh, Ww^Bsb|, Rr^Bsb|, Ww^Bsb|, Kh, Ww, Ww, Ww, Ww, Ww, Ww, Ww, Ww, Ww, Ww, Ww, Ww, Kh, Kh, Ww^Bsb/, Ww^Bsb/, Ww^Bsb/, Ww^Bsb/, Wwf, Wwf, Gs, Gd, Gd, Gd^Es, Gd, Hd, Mms, Hd, Mms, Mms, Mms, Mms, Mms, Mms, Mms, Mms, Mms, Mms, Mms, Mms, Mms, Mms, Mms, Mms, Mms, Hd, Gd, Gd^Es, Gd, Gd, Gs, Gs
Gs, Hh, Hh, Hh, Hh, Gs^Fms, Gs, Gs, Gs, Gg, Gg, Gs, Gg, Gg, Gg, Gg, Gs, Gg, Gg, Gg, Ch, Gg, Gs, Gg, Gg, Rr, Rr, Rr, Ww^Bsb\, Ww, Ww, Ww, Ww, Kh, Ww, Ww, Ww, Kh, Rrc, Rrc, Rrc, Rrc, Rrc, Kh, Kh, Kh, Rr, Ww, Ww, Ww, Ww, Ww, Rr, Ww, Rr, Kh, Rrc, Rrc, Rrc, Rr^Bsb/, Wwf, Wwf, Wwf, Wwf, Gs, Gd, Gd^Tae, Gd, Hd, Hd, Mms, Mms, Mms, Mms, Mms, Mms, Mms, Mms, Mms, Mms, Mms, Mms, Mms, Mms, Mms, Mms, Mms, Mms, Mms, Hd, Gd, Gd, Gd^Es, Gd, Gs, Gs
Hh, Hh, Hh, Hh, Hh, Hh^Fms, Hh, Gs^Fms, Gs^Fms, Gs, Gs, Gg, Gg, Gg, Gg, Gg, Gs, Gg, Gg, Ch, Gg, Ch, Ch, Gs, Gs, Gg, Gg, Ww^Bsb\, Ww^Bsb\, Ww^Bsb\, Ww^Bsb\, Kh, Kh, Kh, Rr, Rr, Rr, Kh, Rrc, Rrc, Rrc, Rrc, Rrc, Rrc, Rrc, Rrc, Rrc, Kh, Rr, Rr, Rr, Rr, Rrc, Kh, Rrc, Rrc, Rrc, Rrc, Rrc, Kh, Kh, Kh, Wwf, Wwf, Gs, Gs, Gd, Gd, Hd, Mms, Mms, Mms, Mms, Mms, Mms, Mms, Mms, Mms, Mms, Mms, Mms, Mms, Mms, Mms, Mms, Mms, Mms, Mms, Mms, Hd, Hd, Gd, Gd, Gd, Gd^Es, Gs
Hh, Hh, Hh^Fms, Hh, Hh, Hh, Hh, Hh^Fms, Hh, Gs^Fms, Gs, Gg, Gg, Gg, Gg, Gs, Gg, Gg, Gg, Gg, Gg, Gg, Ch, Gg, Gs, Gg, Gs, Ww, Ww, Rr^Bsb\, Rrc, Rrc, Rrc, Rrc, Rrc, Rrc, Rrc, Rrc, Rrc, Rrc, Rrc, Rrc, Rrc, Rrc, Rrc, Rrc, Rrc, Rrc, Rrc, Rrc, Rrc, Ch, Ch, Rrc, Rrc, Rrc, Ch, Ch, Rrc, Rrc, Kh, Ds, Wwf, Wwf, Gs, Gd, Gd, Gd, Hd, Mms, Mms, Mms, Mms, Mms, Mms, Mms, Mms, Mms, Mms, Mms, Mms, Mms, Mms, Mms, Mms, Mms, Mms, Mms, Mms, Mms, Hd, Gd, Gd, Gd^Taw, Gd, Gd
Hh^Fms, Hh^Fms, Hh^Fms, Hh^Fms, Hh^Fms, Hh, Hh, Hh, Hh^Fms, Gs, Gs, Gg, Gg, Gg, Gg, Gg, Gg, Rr^Vhc, Gg, Gg, Ch, Kh, Gg, Gs, Gs, Gg, Ww, Ww, Ww, Kh, Rrc, Rrc, Rrc, Rrc, Rrc, Rrc, Rrc, Rrc, Rrc, Rrc, Rr^Vhc, Rrc, Rrc, Rrc, Rrc, Rrc, Rr^Vhc, Rrc, Rrc, Rrc, Rrc, Ch, Rrc, Ch, Ch, Ch, Rrc, Ch, Rrc, Rrc, Kh, Ds, Wwf, Wwf, Gs, Gd^Es, Gs^Tae, Gd, Hd, Mms, Mms, Mms, Mms, Mms, Mms, Mms, Mms, Mms, Mms, Mms, Mms, Mms, Mms, Mms, Mms, Mms, Mms, Mms, Mms, Mms, Hd, Hd, Gd, Gd, Gd, Gd^Es
Hh^Fms, Hh, Hh^Fms, Hh, Hh^Fms, Hh^Fms, Hh, Hh, Hh, Gs^Fms, Gs, Gg, Gg, Gg^Es, Gg, Gg, Gs, Gs, Gg, Gg, Ch, Gg, Gg, Gg, Gg, Gg, Ww, Ww, Kh, Kh, Rrc, Ch, Ch, Rrc, Rrc, Rrc, Ch, Ch, Rrc, Rr^Vhc, Rp^Xo, Rr^Vhc, Rr^Vhc, Rrc, Rr^Vhc, Rr^Vhc, Rp^Xo, Rr^Vhc, Rrc, Rrc, Rrc, Rrc, Rrc, Ch, Kh, Ch, Rrc, Rrc, Rrc, Rrc, Wwf, Wwf, Wwf, Wwf, Gs, Gs^Es, Gd, Gd, Gd, Hd, Hd, Mms, Mms, Mms, Mms, Mms, Mms, Mms, Mms, Mms, Mms, Mms, Mms, Mms, Mms, Mms, Mms, Mms, Mms, Mms, Hd, Hd, Gd, Gd, Gd^Es, Gd
Hh^Fms, Hh^Fms, Hh, Hh, Hh^Fms, Hh^Fms, Hh, Hh^Vhh, Hh, Gs, Gg, Gg, Gg, Gg, Gg^Es, Gs, Gg, Gs, Gg, Gg, Gg, Ch, Ch, Ch, Gs, Gg, Ww, Ww, Wwg, Rrc, Rrc, Ch, Rrc, Ch, Ch, Ch, Rrc, Ch, Rrc, Rr^Vhc, Rp^Xo, Rp^Xo, Rr^Vhc, Rrc, Rr^Vhc, Rp^Xo, Rp^Xo, Rr^Vhc, Rrc, Rrc, Rrc, Rrc, Rrc, Rrc, Rrc, Rrc, Rrc, Rrc, Wwg, Wwf, Kh, Ds, Wwf, Wwf, Wwf, Gs, Gd, Gd, Gd, Gd, Gd, Hd, Mms, Mms, Mms, Mms, Mms, Mms, Mms, Mms, Mms, Mms, Mms, Mms, Mms, Mms, Mms, Mms, Mms, Mms, Hd, Hd, Gd, Gd^Tmw, Gd^Es, Gs
Hh, Hh^Fms, Hh, Hh^Fms, Hh^Fms, Hh, Hh, Hh, Gs, Gs, Gg^Es, Gg^Es, Gg, Gg, Gg, Gs, Gs, Gg^Es, Gs, Gg, Gg, Gg, Gg, Gg, Gg, Gg, Ww, Ww, Kh, Wwg, Wwg, Rrc, Rrc, Ch, 3 Kh, Ch, Rrc, Rrc, Rrc, Rr^Vhc, Rp^Xo, Rp^Xo, Rr^Vhc, Rrc, Rr^Vhc, Rp^Xo, Rr^Vhc, Rr^Vhc, Rrc, Rrc, Rrc, Rrc, Rrc, Rrc, Rrc, Rrc, Wwg^Bsb\, Wwg^Bsb\, Rrc, Rrc, Rrc, Kh, Wwf, Wwf, Wwf, Gs, Gs, Gd^Tme, Gd, Gd^Es, Gd, Hd, Hd, Mms, Mms, Mms, Mms, Mms, Mms, Mms, Mms, Mms, Mms, Mms, Mms, Mms, Mms, Mms, Mms, Mms, Hd, Hd, Gd, Gd, Gd, Gs
Hh, Hh, Hh, Hh, Hh, Hh, Gs^Fms, Gs^Fms, Gs, Gg, Gg, Gg, Gs, Gs, Gs, Gs, Gs, Gg, Gg, Gs, Gg, Gg, Gs, Gg, Gg, Gg, Ww, Ww, Ds, Kh, Rrc, Wwg, Wwg, Rrc, Rrc, Rrc, Rrc, Rrc, Rrc, Rr^Vhc, Rr^Vhc, Rr^Vhc, Rrc, Rrc, Rrc, Rr^Vhc, Rrc, Rrc, Rrc, Kh, Rrc, Rrc, Rrc, Rrc, Wwg, Wwg, Rrc, Rrc, Rrc, Rrc, Rrc, Kh, Wwf, Wwf, Wwf, Gs, Gs, Gs, Gd^Es, Gd, Gd^Es, Gd, Gd, Hd, Mms, Mms, Mms, Mms, Mms, Mms, Mms, Mms, Mms, Mms, Mms, Mms, Mms, Mms, Hd, Hd, Gd, Gd, Gd^Es, Gd^Tmw, Gd, Gd
Hh^Fms, Hh, Hh^Fms, Hh^Fms, Hh, Hh, Gs, Gs, Gg^Es, Gg, Gs, Gs, Hh^Fms, Gs^Fms, Hh^Fms, Gs^Fms, Gg, Gg, Gg, Gg, Gs, Gs, Gs, Gs, Gg, Gg, Ww, Ww, Ww, Kh, Rrc, Rrc, Rrc, Wwg, Wwg^Bsb/, Rrc, Rrc, Rrc, Rrc, Rrc, Rrc, Rrc, Rrc, Rrc, Rrc, Rrc, Rrc, Rrc, Kh, Kh, Kh, Rrc, Wwg, Wwg, Rrc, Rrc, Rr^Vhc, Rrc, Rrc, Rrc, Rrc, Kh, Wwf, Wwf, Wwf, Gs, Gs, Gd, Gd^Es, Gd^Tae, Gd^Es, Gd, Gd, Hd, Mms, Mms, Mms, Mms, Mms, Mms, Mms, Mms, Mms, Mms, Mms, Mms, Mms, Hd, Gd, Gd, Gd^Es, Gd, Gd^Taw, Gd, Gs, Gs
Hh, Hh, Hh, Hh, Gs, Gs, Gg, Gg, Gs, Gg, Gs, Gs^Fms, Hh^Fms, Hh, Hh, Hh^Fms, Gs^Fms, Gg, Gg, Gg, Gs, Gg, Gs, Gg^Es, Gg, Gg, Ww, Ww, Ww, Kh, Kh, Rrc, Rrc, Rrc, Rrc, Wwg^Bsb/, Wwg, Rrc, Rrc, Rrc, Wwg, Wwg, Wwg, Ww^Bsb|, Wwg, Wwg, Wwg, Rrc, Rrc, Rrc, Wwg, Wwg, Rr^Vhc, Rrc, Rrc, Rr^Vhc, Rp^Xo, Rr^Vhc, Rrc, Rrc, Kh, Kh, Wwf, Wwf, Wwf, Gs, Gs, Gd, Gd^Tme, Gd^Es, Gd, Gd, Hd, Hd, Mms, Mms, Mms, Mms, Mms, Mms, Mms, Mms, Mms, Mms, Mms, Mms, Mms, Hd, Hd, Gd, Gd^Es, Gd, Gd, Gs, Gs, Gs
Hh, Hh, Gs, Hh, Gs, Gg, Gs, Gg, Gs^Xef, Gg, Gs, Gs^Fms, Gs^Fms, Hh, Hh, Hh^Fms, Gs, Gg, Gs, Gs, Gg, Gg, Gs, Gs^Es, Gs, Gg, Ww, Ww, Ww, Ds, Kh, Rrc, Rrc, Rrc, Rrc, Rrc, Rrc, Wwg, Wwg, Wog, Wog, Kh, Rrc, Rrc, Rrc, Kh, Wog, Wog, Wwg, Wwg, Rrc, Rr^Vhc, Rp^Xo, Rr^Vhc, Rrc, Rr^Vhc, Rp^Xo, Rr^Vhc, Rrc, Rrc, Kh, Ds, Wwf, Wwf, Wwf, Gs, Gs^Es, Gd^Es, Gd, Gd, Gd, Hd, Mms, Mms, Mms, Mms, Mms, Mms, Mms, Mms, Mms, Mms, Mms, Mms, Mms, Mms, Mms, Mms, Hd, Gd, Gd, Gd, Gs, Gs^Es, Gs, Gs
Gs, Gs, Gg, Gs, Gg^Xef, Gg^Xef, Gg, Gg, Qxdp^Cov, Gg^Xef, Gg, Gs, Gg, Gs, Hh, Hh, Hh, Gs, Gs, Gg, Gs, Gs^Es, Gg, Gs, Gg, Gg, Ww, Ww, Ww, Ww, Kh, Rrc, Rrc, Rrc, Rr^Vhc, Rrc, Rrc, Rrc, Wog, Kh, Kh, Kh, Rrc^Cov, Rrc, Rrc^Cov, Kh, Kh, Kh, Wog, Rrc, Rrc, Rr^Vhc, Rp^Xo, Rr^Vhc, Rrc, Rr^Vhc, Rp^Xo, Rr^Vhc, Rrc, Rrc, Kh, Wwf, Wwf, Wwf, Wwf, Gs, Gs, Gd, Gd, Gd, Gd, Hd, Mms, Mms, Mms, Mms, Mms, Mms, Mms, Mms, Mms, Mms, Mms, Mms, Mms, Mms, Mms, Hd, Hd, Gd, Gs, Gd, Gs^Tmw, Gs, Gs, Gs^Es
Gg, Gg, Gg, Gg^Xef, Qxdp^Cov, Qxdp^Cov, Gg^Cov, Gg, Gs^Cov, Gg^Xef, Gg, Gg, Gg, Gs, Hh, Hh, Hh, Gg, Gg, Gg, Gg, Gg, Gs, Gg, Gg, Gg, Ww, Ww, Ww, Ww, Kh, Rrc, Rrc, Rr^Vhc, Rp^Xo, Rr^Vhc, Rrc, Rrc, Wog, Kh, Rrc, Rrc, Rrc, Ch, Rrc, Rrc, Rrc, Kh, Wog, Rrc, Rrc, Rr^Vhc, Rp^Xo, Rr^Vhc, Rrc, Rr^Vhc, Rp^Xo, Rr^Vhc, Rrc, Rrc, Kh, Wwf, Wwf, Wwf, Gs, Gs, Gs, Gs^Es, Gd^Tme, Gd, Gd, Hd, Hd, Hd, Hd, Mms, Hd, Mms, Hd, Mms, Mms, Mms, Mms, Mms, Mms, Mms, Mms, Mms, Hd, Gd, Gd, Gd, Gd^Es, Gs, Gs^Es, Gs^Es
Gs, Gg, Gg, Gg^Xef, Qxdp^Cov, 5 Gg^Kov, Gs^Cov, Gg^Cov, Gg^Cov, Gg, Gg, Gg, Gs, Hh, Hh^Fms, Hh, Hh, Gg, Gg, Gg, Gs, Gs, Gg^Es, Gs, Gg, Gg, Ww, Ww, Ww, Ds, Kh, Rrc, Rrc, Rr^Vhc, Rp^Xo, Rr^Vhc, Rrc, Rrc, Wwg, Kh, Rrc, Rrc, Ch, 2 Kh, Ch, Rrc, Rrc, Kh, Wwg, Rrc, Rrc, Rr^Vhc, Rp^Xo, Rr^Vhc, Rrc, Rr^Vhc, Rr^Vhc, Rr^Vhc, Rrc, Rrc, Wwf, Wwf, Wwf, Gs, Gs, Gs, Gs, Gs, Gd, Gd, Gd, Gd, Gd, Gd, Gd, Hd, Gd, Hd, Gd, Hd, Hd, Mms, Mms, Mms, Mms, Mms, Mms, Mms, Mms, Hd, Gd, Gd^Es, Gd, Gs^Es, Gs, Gs
Gg, Gg, Gg, Gg^Xef, Gg^Xef, Qxdp^Cov, Gg, Gg, Qxdp^Cov, Gg^Xef, Gg, Gg, Gs, Hh, Hh^Fms, Hh^Fms, Gs^Fms, Gs, Gg, Gg, Gs, Gg, Gs, Gg, Gg, Gg, Gg, Ww, Ww, Kh, Rrc, Rrc, Rrc, Rr^Vhc, Rp^Xo, Rr^Vhc, Rrc, Rrc, Wwg, Kh, Rrc, Rrc, Ch, Ch, Ch, Rrc, Rrc, Kh, Wwg, Rrc, Rrc, Rr^Vhc, Rp^Xo, Rr^Vhc, Rrc, Rrc, Rrc, Rrc, Rrc, Ww^Bsb\, Ww^Bsb\, Wwf, Wwf, Gs, Gs, Gs, Gs^Es, Gs, Gs, Gd^Tae, Gd^Es, Gd, Gd, Gd, Gd^Es, Gd, Gd, Gd, Gd, Gd, Hd, Hd, Mms, Mms, Mms, Mms, Mms, Mms, Hd, Hd, Gd, Gd, Gd^Taw, Gd, Gs^Es, Gs
Gs, Gg, Gg, Gg, Gg, Gs^Xef, Gs, Gg, Gs^Xef, Gg^Xef, Gg, Gg, Gg, Hh, Hh, Hh, Gs^Fms, Gs, Gs^Vl, Gg, Gs, Gg, Gg, Gs, Gg, Gs, Gg, Ww, Ww, Kh, Kh, Rrc, Rrc, Rr^Vhc, Rr^Vhc, Rr^Vhc, Rrc, Rrc, Ww^Bsb/, Ww^Bsb/, Kh, Rrc^Cov, Rrc, Rrc, Rrc, Rrc^Cov, Kh, Ww^Bsb\, Ww^Bsb\, Rrc, Rrc, Rr^Vhc, Rr^Vhc, Rr^Vhc, Rrc, Rrc, Rrc, Rrc, Rr^Bsb\, Wwf, Wwf, Rr, Rr, Gs, Gs, Gs^Es, Gs^Es, Gs, Gs, Gs, Gs, Gd, Gd, Gd^Tme, Gs, Gd, Gd^Tae, Gd, Gd, Gd, Hd, Mms, Mms, Mms, Mms, Mms, Hd, Mms, Hd, Gd, Gd, Gd, Gd, Gd, Gs^Es, Gs
Gs^Fms, Gs, Gs, Gg, Gg, Gg, Gg, Gs, Gg, Gg, Gg, Gg, Gg, Gs, Gs, Gs^Fms, Gs^Fms, Gs, Gg, Gg, Gg, Gs, Gs, Gg, Gs, Gs, Gs, Ww, Ww, Ww, Kh, Kh, Rrc, Rrc, Rrc, Rrc, Rrc, Rrc, Rrc, Wog, Wwg, Kh, Rrc, Rrc, Rrc, Kh, Wwg, Wog, Rrc, Rrc, Rrc, Rrc, Rrc, Rrc, Rrc, Rrc, Rrc, Rrc, Rrc, Ww^Bsb\, Rr, Gs, Gs, Rr, Rr, Gs, Gs, Gs, Gs, Gs^Es, Gs, Gd, Gs, Gs, Gs^Es, Gs, Gd^Es, Gd, Gd, Gd, Hd, Mms, Hd, Mms, Hd, Hd, Gd, Hd, Gd, Gd, Gd^Tmw, Gd, Gd, Gs, Gs, Gs
Hh, Gs^Fms, Gs^Fms, Gs, Gs, Gg, Gg, Gg, Gg, Gg, Gs, Gg, Gg, Gg, Gs, Gs, Gg, Gg, Gs, Gg, Gg, Gg, Gg, Gg, Gg, Gg, Gs, Gg, Ww, Ww, Rrc, Rrc, Rrc, Rrc, Rrc, Rrc, Rr^Vhc, Rr^Vhc, Rr^Vhc, Rrc, Wwg, Wwg, Kh, Kh, Kh, Wwg, Wwg, Rrc, Rrc, Rrc, Rr^Vhc, Rr^Vhc, Rr^Vhc, Rrc, Rrc, Rrc, Rrc, Kh, Wwf, Wwf, Gg, Rr, Rr, Gs, Gs, Rr, Rr, Gs, Gs, Gg^Es, Gs, Gs^Es, Gs, Gs, Gs, Gs, Gd^Tme, Gd^Es, Gd, Gd, Gd^Es, Hd, Gd, Hd, Gd, Gd, Gd^Es, Gd, Gd, Gd, Gd, Gs, Gs^Es, Gs^Es, Gs, Gs
Hh^Fms, Hh, Hh, Hh, Hh, Gs, Gs, Gs, Gg, Gg^Es, Gg, Gg, Gs, Gg, Gg, Gg, Gg, Gg, Gs, Gg, Gg, Gg, Gg^Es, Gs, Gg, Gs^Es, Gg, Gg, Ww^Bsb/, Ww^Bsb/, Ww, Ww, Rrc, Rrc, Rrc, Rrc, Rr^Vhc, Rp^Xo, Rp^Xo, Rr^Vhc, Rrc, Wwg, Wog, Wog, Wog, Wwg, Rrc, Rrc, Rr^Vhc, Rr^Vhc, Rp^Xo, Rp^Xo, Rr^Vhc, Rrc, Kh, Kh, Kh, Kh, Wwf, Wwf, Gg, Gs, Gs, Rr, Rr, Gs, Gs, Rr, Rr, Gs, Gs, Gs, Gs^Es, Gs, Gs, Gs, Gs, Gd, Gs, Gd, Gd, Gd, Gd^Es, Gd, Gd^Tmw, Gd, Gd, Gd^Taw, Gs, Gd, Gs, Gs, Gs, Gs, Gs, Gs
Hh, Hh, Hh^Fms, Hh, Hh, Hh, Gs^Fms, Gs, Gg, Gg, Gg, Gs, Gg^Es, Gg^Es, Gg, Gg, Gg^Es, Gg, Gs, Gg, Gg, Gs, Gg, Gg, Gg, Gg, Rr, Rr, Gg, Ww, Ww^Bsb/, Ww^Bsb/, Ww, Kh, Rrc, Rrc, Rr^Vhc, Rp^Xo, Rr^Vhc, Rr^Vhc, Wwg, Wwg^Bsb\, Rrc, Rrc, Rrc, Wwg, Wwg^Bsb/, Rrc, Rr^Vhc, Rp^Xo, Rr^Vhc, Rr^Vhc, Rrc, Rrc, Kh, Ds, Kh, Wwf, Wwf, Wwf, Gg, Gg, Rb^Gvs, Gs, Gg, Rr, Rr, Gs, Gs, Rr, Rr, Gs, Gs, Gs, Gs, Gs^Es, Gs, Gs, Rr, Rr, Rr, Gd, Gd, Gd^Es, Gs, Gs^Es, Gs, Gs, Gs, Gs, Gs, Gs, Rr, Gs, Rr, Rr
Hh^Fms, Hh, Hh, Hh, Hh, Hh, Gs^Fms, Gs, Gs, Gs, Gg, Gs, Gg, Gg, Gg, Gs, Gg, Gg, Gg, Gs, Gs, Gg, Gg, Gg, Rr, Rr, Gs, Gs, Rr, Rr, Ww, Ww, Ww, Kh, Kh, Rrc, Rrc, Rr^Vhc, Wwg, Wwg, Rp^Xo, Rr^Vhc, Rrc, Rrc, Rrc, Rrc, Rrc, Wwg, Wwg, Rr^Vhc, Rrc, Rrc, Rrc, Rrc, Kh, Ds, Wwf, Wwf, Wwf, Gg, Rb^Gvs, Rb^Gvs, Rb^Gvs, Rb^Gvs, Rb^Gvs, Gs, Gs, Rr, Rr, Gs, Gs, Rr, Rr, Gs, Gs, Gs, Rr, Rr, Gs, Gs, Gs, Rr, Rr, Gs, Gs, Gs, Gs, Gs, Rr, Rr, Rr, Rr, Gs, Rr, Gs, Gs
Hh^Fms, Hh, Hh, Hh^Fms, Hh^Fms, Hh, Hh, Hh, Gs, Gg, Gs, Gg, Gg^Es, Gg, Gs, Gs, Gg, Gg, Gg, Gg, Gg, Gg, Rr, Rr, Gg, Gg, Rr, Rr, Gg, Gg, Gg, Ww, Ww, Ww, Kh, Rrc, Wwg, Wwg^Bsb\, Rr^Vhc, Rp^Xo, Rr^Vhc, Rr^Vhc, Rrc, Rrc, Rrc, Rrc, Rrc, Rrc, Rrc, Wwg, Rrc, Rrc, Rrc, Rrc, Kh, Ds, Ww, Wwf, Ds, Gs, Gg, Rb^Gvs, Rb^Gvs, Rb^Gvs, Gs, Gs^Vl, Gg, Gg, Gs, Rr, Rr, Gs, Gs, Rr, Rr, Rr, Gs, Gs, Rr, Rr, Rr, Gs, Gs, Rr, Rr, Gs, Rr, Rr, Gs, Gs, Gs, Gs, Rr, Gs, Rr, Rr
Hh^Fms, Hh, Hh, Hh, Hh^Fms, Hh, Hh, Hh, Gs, Gg, Gg, Gg, Gs, Gg, Gg, Gg, Gg, Gs, Gg, Gg, Rr, Rr, Gs, Gs, Rr, Rr, Gg, Gs, Gs, Gs, Gg, Gg, Ww, Ww, Wwg, Wwg, Kh, Rrc, Rrc, Rr^Vhc, Rrc, Rrc, Rrc, Kh, Rrc, Rrc, Rrc, Kh, Rrc, Wwg^Bsb/, Wwg, Rrc, Kh, Kh, Ds, Ds, Ww, Ww, Ds, Gs, Gg, Gg, Gg^Wm, Gs, Rb^Gvs, Rb^Gvs, Rb^Gvs, Gg, Gg, Gg, Gs, Rr, Rr, Gs, Gs, Gs, Rr, Rr, Gs, Gs, Gs, Rr, Rr, Gs, Gs, Rr, Gs, Gs, Rr, Rr, Rr, Rr, Gs, Rr, Gs, Gs
Hh, Hh, Hh^Fms, Hh, Hh^Fms, Hh^Fms, Hh, Hh^Vhh, Gs, Gg, Gs, Gg, Gg, Gg, Gg, Gs, Gg, Gg, Rr, Rr, Gs, Gs, Rr, Rr, Gg, Gg, Gs, Gg, Gg, Gg, Gg, Gg, Gs, Ww, Ww, Ds, Kh, Rrc, Rrc, Rrc, Rrc, Rrc, Kh, Rrc, Rrc, Ch, Rrc, Rrc, Kh, Rrc, Rrc, Wwg, Wwg, Ds, Ds, Ww, Ww, Ds, Gs, Gs, Gs, Gg, Gg, Rb^Gvs, Rb^Gvs, Rb^Gvs, Rb^Gvs, Rb^Gvs, Gs^Vl, Gs, Gs, Gg, Gs, Rr, Rr, Rr, Gs, Gs, Rd, Rd, Rd, Gs, Gs, Rr, Rr, Gs, Rr, Rr, Gs, Gs, Gs, Gs, Gs, Gs, Gg, Gg
Hh, Hh, Hh, Hh, Hh, Hh, Gs^Fms, Gs, Gg, Gg, Gg, Gs^Es, Gg, Gs, Gg, Gg, Rr, Rr, Gg, Gg, Rr, Rr, Gg, Gg, Gg, Gg, Ch, Ch, Gg, Gs, Gg, Gg, Ds, Ww, Ww, Ds, Ds, Kh, Kh, Rrc, Rrc, Rrc, Kh, Rrc, Ch, 4 Kh, Ch, Rrc, Kh, Rrc, Rrc, Rrc, Kh, Wwg, Wwg, Ww, Ww, Ds, Ds, Ds, Ds, Gs, Gs, Gg, Gs, Rb^Gvs, Gg, Gg, Rb^Gvs, Rd, Rd, Gg, Gs, Gg, Gs, Gs, Rb^Gvs, Rd, Rd, Rd, Rd, Rd, Rd, Gs, Gs, Rr, Gs, Gs, Gs, Gg, Rd, Gg, Gs, Gs, Gs, Gg
Gs, Gs^Fms, Gs^Fms, Hh, Gs, Gs^Fms, Gs, Gs, Gg, Gg, Rr, Gg, Gg, Gg, Rr, Rr, Gs, Gg, Rr, Rr, Gg, Gg, Gs, Gg, Gg, Ch, Kh, Gg, Ch, Gg, Gs, Gs, Ds, Wo, Ww, Ww, Ds, Ds, Kh, Rrc, Rrc, Rrc, Rrc, Rrc, Ch, Ch, Ch, Rrc, Rrc, Rrc, Rrc, Kh, Ds, Ds, Wo, Wo, Ww, Ww, Ww, Ww, Ds, Gs, Ds, Gs, Ds, Gs, Gs, Rb^Wm, Rb^Gvs, Rb^Gvs, Rb^Gvs, Rb^Gvs, Gs, Gs, Rb^Gvs, Rb^Gvs, Rb^Gvs, Rb^Gvs, Rb^Gvs, Rb^Gvs, Rb^Gvs, Rb^Gvs, Rb^Gvs, Rb^Gvs, Rb^Gvs, Gs, Gs, Gg, Rb^Gvs, Rd, Rb^Gvs, Rd, Rb^Gvs, Gg, Gg, Gs
Rr, Gs, Gs, Gs^Fms, Gg, Gs, Gg, Gg^Es, Rr, Rr, Gg, Rr, Rr, Rr, Gg, Gs, Rr, Rr, Gg, Gg, Gs, Gs, Gg, Gs, Gg, Ch, Ch, Ch, Gg, Gg, Gg, Gs, Gs, Ds, Ww, Ww, Ww, Ds, Kh, Kh, Kh, Rrc, Rrc, Rrc, Rrc, Rrc, Rrc, Rrc, Rrc, Rrc, Kh, Kh, Ds, Ww, Wo, Ww, Ds, Ww, Ww, Ww, Ww, Ds, Ww, Ds, Ww, Ds, Ds, Gs, Gs, Rb^Gvs, Gg, Gg, Gs, Gg, Gg, Rb^Gvs, Rb^Gvs, Rb^Gvs, Rb^Gvs, Rb^Gvs, Rb^Gvs, Rb^Gvs, Rb^Gvs, Rb^Gvs, Gg, Gs, Rd, Gs, Gs, Rb^Gvs, Rb^Gvs, Rb^Gvs, Gs, Gs, Rd, Gg
Gg, Rr, Rr, Rr, Rr, Gg, Rr, Rr, Gg, Gg, Rr, Gg, Gg, Gs, Rr, Rr, Gg, Gg, Gg, Gs, Gg, Gg, Gg, Gg, Gg, Gg, Gg, Gg, Gg, Gg, Gs, Gg, Gs, Gs, Ww, Ww, Ww, Ds, Ds, Ds, Kh, Rrc, Rrc, Rrc, Ch, Ch, Ch, Rrc, Rrc, Rrc, Kh, Ds, Ww, Ww, Wo, Ww, Ds, Ds, Ds, Ww, Ww, Ww, Wo, Ww, Ww, Ww, Ww, Ds, Ds, Gs, Gs, Gg, Gs, Gg, Gg, Gs, Gs, Rb^Gvs, Rb^Gvs, Rb^Gvs, Rb^Gvs, Rb^Gvs, Gs, Gs, Rb^Gvs, Rd, Rd, Rd, Rb^Gvs, Gs, Gg, Gg, Rb^Gvs, Rd, Rb^Gvs, Rb^Gvs
Rr, Gg, Gg, Gg, Gs, Rr, Gs, Gs, Rr, Rr, Gg, Rr, Rr, Rr, Gg, Gg, Gg^Es, Gg, Gg^Eff, Gg, Gs, Gg, Gs, Gg, Gs, Gg, Gs, Gs, Gs, Gs^Vl, Gg, Gg, Gs, Ds, Ww, Ww, Wo, Ww, Ww, Ww, Kh, Kh, Kh, Rrc, Rrc, Rrc, Rrc, Rrc, Kh, Kh, Kh, Ds, Ww, Ww, Ww, Ww, Ds, Ds, Ds, Ds, Ds, Ww, Ww, Ww, Ww, Wo, Wo, Ww, Ww, Ds, Gs, Gs, Gg, Gg, Rb^Gvs, Rb^Gvs, Rb^Gvs, Gg, Gs^Vl, Rb^Gvs, Gg, Gs, Rb^Gvs, Rb^Gvs, Rb^Gvs, Rb^Gvs, Rb^Gvs, Rb^Gvs, Rb^Gvs, Rb^Gvs, Rb^Gvs, Gs, Gs, Rb^Gvs, Rb^Gvs, Rb^Gvs
Gg, Rr, Rr, Rr, Rr, Gg, Rr, Rr, Gg, Gg, Gg, Gg, Gs, Gg, Gg, Gg, Gg, Gg^Eff, Rb^Gvs, Rb^Eff, Rb^Eff, Gg, Gg, Gg, Gg, Gg, Gg, Gg, Gs, Gg, Gg, Gs, Ds, Ds, Ww, Wo, Wo, Ww, Ww, Ww, Ww, Ww, Kh, Kh, Rrc, Rrc, Rrc, Kh, Kh, Ww, Ww, Ww, Ww, Ww, Ww, Ww, Ww, Ds, Ds, Ds, Ds, Ww, Ww, Ww, Ww, Ww, Ww, Wo, Ww, Ds, Ds, Gs, Gg, Rb^Wm, Rb^Gvs, Rb^Gvs, Rb^Gvs, Rb^Gvs, Gg, Gs, Gg, Rb^Gvs, Rb^Gvs, Rb^Gvs, Rb^Gvs, Rb^Gvs, Rb^Gvs, Rb^Gvs, Rb^Gvs, Rb^Gvs, Rb^Gvs, Rb^Gvs, Gg^Wm, Gs, Gs, Gg
Gg, Gs, Gs, Gg, Gg, Rr, Gg, Gg, Gs, Gg^Es, Gs, Gg, Gg, Gg, Gg^Eff, Gg, Rb^Gvs, Rb^Gvs, Rb^Gvs, Rb^Gvs, Rb^Gvs, Rb^Eff, Rb^Eff, Gg, Gg, Gs, Gg, Gs, Gg, Gg, Gs, Gs, Ds, Ww, Ww, Ww, Ww, Ww, Ww, Ww, Ww, Ww, Ww, Ww, Ww^Bsb|, Ww^Bsb|, Ww^Bsb|, Ww, Ww, Ww, Ww, Ww, Ds, Ds, Ds, Ww, Ww, Ww, Ww, Ds, Ds, Ww, Ww, Ds, Ds, Ds, Ww, Wo, Wo, Ww, Ds, Gs, Gs, Gg, Gg, Rb^Gvs, Gs, Gs, Rb^Gvs, Rb^Wm, Rb^Gvs, Gs, Gs, Rb^Gvs, Rb^Gvs, Rb^Gvs, Rb^Gvs, Rb^Gvs, Rb^Gvs, Rb^Gvs, Gg, Gg, Rb^Gvs, Gg, Gg, Gs
Gs, Gs^Fms, Gs, Gg, Gg^Es, Gs, Gg, Gs^Es, Gg, Gg, Gg, Gg, Gg, Gg^Eff, Rb^Eff, Rb^Gvs, Rb^Gvs, Rb^Gvs, Rb^Gvs, Rb^Gvs, Rb^Gvs, Rb^Gvs, Rb^Wm, Rb^Eff, Rb^Eff, Gg, Gg, Gg, Gs, Gs, Ds, Ds, Ww, Wo, Ww, Ww, Ds, Ds, Ds, Ds, Gs, Ww, Gg, Ww, Ww^Bsb|, Ww^Bsb|, Ww^Bsb|, Ww, Ww, Ww, Gg, Gs, Gs, Gs, Gs, Ds, Ds, Ww, Ww, Ww, Ww, Ww, Ww, Ds, Ds, Ds, Ds, Ww, Wo, Ww, Ww, Ds, Ds, Gs, Gg, Gg, Rb^Gvs, Rb^Gvs, Rb^Gvs, Rb^Gvs, Rb^Gvs, Rb^Gvs, Rb^Gvs, Gs, Gg, Rb^Gvs, Rb^Wm, Rb^Gvs, Gs, Gg, Rb^Gvs, Rb^Gvs, Rb^Gvs, Rb^Gvs, Rb^Gvs, Gg
Gs^Fms, Gs, Gs^Vl, Gg, Gs, Gs, Gg, Gg, Gg, Gg, Gg^Eff, Gg^Eff, Rb^Eff, Gg, Gg, Rb^Eff, Rb^Eff, Rb^Gvs, Rb^Gvs, Rb^Gvs, Rb^Gvs, Rb^Gvs, Rb^Eff, Rb^Eff, Gs, Gg, Gg, Gg, Gs^Fms, Ds, Ww, Ww, Wo, Wo, Ww, Ds, Gs, Gs, Gs, Gs, Gg, Gg, Gg, Gg, Rr, Ww^Bsb|, Rr, Ww, Gg, Gg, Gg, Gg, Gs, Gg, Gg, Gs, Gs, Ds, Ww, Ww, Wo, Wo, Ww, Ds, Ds, Ds, Ds, Ww, Ww, Wo, Ww, Ds, Ds, Gs, Rb^Gvs, Rb^Gvs, Rb^Gvs, Rb^Gvs, Rb^Gvs, Rb^Gvs, Rb^Gvs, Rb^Gvs, Rb^Gvs, Rb^Gvs, Rb^Gvs, Gg, Gs, Gs, Hh, Gs, Gs, Rb^Gvs, Rb^Gvs, Rb^Gvs, Gg, Gs
Gs, Gs, Gg, Gs^Fms, Gs, Gg, Gg, Gg, Gg, Gg, Rb^Gvs, Rb^Gvs, Rb^Gvs, Rb^Eff, Rb^Eff, Gg, Gg, Rb^Eff, Rb^Eff, Gs^Vl, Rb^Eff, Rb^Eff, Gg, Gs, Gs^Fms, Gs^Fms, Gs, Gg, Ww, Ww, Ww, Wo, Ww, Ww, Ds, Ds, Gs, Gg, Gg, Rr^Vhc, Gg, Gs, Gs, Gg, Rr, Rr, Rr, Gg, Gs, Gs, Gg, Rr^Vhc, Gg, Gg, Gs, Gs, Gs, Ds, Ds, Ww, Ww, Ww, Ww, Ds, Ds, Ds, Ds, Ds, Ww, Wo, Wo, Ww, Ds, Gs, Gg, Rb^Gvs, Rb^Gvs, Rb^Gvs, Rb^Gvs, Rb^Gvs, Rb^Gvs, Rb^Gvs, Rb^Gvs, Rb^Gvs, Gs, Gs, Hh, Hh, Hh^Fms, Hh, Hh, Gs, Gs, Gg, Gs, Gs
Gs^Fms, Gs^Fms, Gg, Gs^Fms, Gs, Gg, Gg^Eff, Gg^Eff, Rb^Gvs, Rb^Gvs, Rb^Gvs, Rb^Gvs, Rb^Gvs, Rb^Gvs, Rb^Gvs, Rb^Eff, Rb^Eff, Gg, Gg, Rb^Eff, Gg, Gg, Gs, Gs, Gg, Gs, Ds, Ww, Wo, Wo, Wo, Wo, Ww, Ds, Gs, Gs, Gs, Gg, Gs^Fms, Gg, Gs, Gg, Gg, Gg, Rr, Rr, Rr, Gg, Gs, Gg, Gs, Gg, Gg, Gs^Fms, Gg, Gg, Gg, Gs, Ds, Ww, Ww, Wo, Ww, Ww, Ds, Ds, Ds, Ds, Ww, Wo, Wo, Ww, Ww, Ds, Gs, Gg, Gg, Rb^Gvs, Rb^Gvs, Rb^Gvs, Rb^Gvs, Rb^Gvs, Gg, Gs, Hh, Hh, Hh^Fms, Hh^Fms, Mm, Hh^Fms, Hh, Hh, Hh, Gs, Gs, Gg
Gs, Gs, Gg, Gg, Gg^Eff, Gg, Gg, Rb^Eff, Rb^Eff, Rb^Gvs, Rb^Gvs, Rb^Gvs, Rb^Gvs, Rb^Gvs, Rb^Gvs, Rb^Wm, Rb^Eff, Rb^Eff, Gg, Gg, Gg, Gg, Gg, Gg, Gs, Gs, Ds, Ww, Wo, Wo, Ww, Ww, Ds, Ds, Gs, Gg, Gg, Gs, Gs, Gg, Gg, Gs, Gg, Gs, Rr, Rr, Rr, Gg, Gg, Gs, Gs^Fms, Gs, Gs^Fms, Gg, Gs^Fms, Gg, Gg, Gs, Ds, Ww, Ww, Wo, Wo, Ww, Ww, Ds, Ds, Ds, Ds, Ww, Ww, Wo, Ww, Ds, Ds, Gs, Gs, Gg, Gs, Rb^Gvs, Gg, Gg, Gg, Gs, Hh, Hh^Fms, Mm, Mm, Mm, Hh^Fms, Hh^Fms, Hh^Fms, Hh^Fms, Hh, Hh, Gs
Gg, Gg, Gg, Gg^Eff, Rb^Gvs, Rb^Eff, Rb^Eff, Gg, Gg, Rb^Eff, Rb^Eff, Rb^Gvs, Gs^Vl, Rb^Gvs, Rb^Eff, Rb^Eff, Gg, Gg, Gg, Gs, Gg, Gg, Gs^Fms, Gs, Ds, Ds, Ww, Ww, Wo, Wo, Ww, Ww, Gs, Gs, Gg, Gg, Gg, Gs^Fms, Gs, Gg, Gs^Fms, Gs, Gg, Gs, Rr, Rr, Rr, Gs, Gs, Gg, Gg, Gs^Fms, Gg, Gg, Gs, Gg, Gg, Gs, Ds, Ww, Ww, Ww, Wo, Wo, Ww, Ds, Ds, Ds, Ds, Ds, Ww, Wo, Ww, Ww, Ds, Gs, Ds, Gg, Gg, Gs, Gs, Gg, Ww, Gs, Hh, Hh^Fms, Mm, Mm, Mm, Mm, Mm, Mm, Hh^Fms, Hh, Hh, Gs
Gg, Gg, Rb^Gvs, Rb^Gvs, Rb^Gvs, Rb^Gvs, Rb^Gvs, Rb^Eff, Rb^Eff, Gg, Gg, Rb^Eff, Rb^Eff, Rb^Eff, Gs, Gg, Gg, Gs, Gg, Gg, Gs, Gs, Gs, Gs, Ds, Ww, Ww, Wo, Wo, Ww, Ds, Gs, Gg, Gg, Gs, Gg, Gs, Gs, Gg, Gs, Gg, Re^Vct, Gs, Gg^Es, Rr, Rr, Rr, Gs, Gs, Gg, Gs, Gg, Gs, Gg, Gg, Gg, Gs, Gs, Gs, Ds, Ww, Ww, Ww, Wo, Wo, Ww, Ds, Ds, Ds, Ds, Ww, Wo, Wo, Ww, Ds, Ds, Ww, Ww, Ww, Ww, Ww, Ww, Ww, Ww, Ww, Hh^Fms, Hh^Fms, Mm, Mm, Mm, Mm, Mm, Mm, Hh^Fms, Hh, Gs
Rb^Gvs, Rb^Gvs, Rb^Gvs, Rb^Gvs, Rb^Gvs, Rb^Gvs, Rb^Gvs, Rb^Gvs, Rb^Wm, Rb^Eff, Rb^Eff, Gg, Gg, Gg, Gs, Gg, Gs, Gg^Es, Gg, Gs, Gs^Fms, Gs^Fms, Gs^Fms, Gs^Fms, Ww, Ww, Ww, Wo, Ww, Ww, Ds, Gs, Gg, Re^Vct, Gs, Gs, Gg, Gs^Fms, Ce, Gs, Gg, Gs, Gs, Gg, Rr, Rr, Rr, Gs, Gg, Gg, Gg, Gg^Es, Gg, Gs, Gg, Gg, Gg^Es, Gg, Gs, Ds, Ds, Ww, Ww, Wo, Ww, Ww, Ww, Ww, Ww, Ds, Ww, Wo, Wo, Ww, Ww, Ww, Ww, Ww, Ww, Ww, Ww, Ww, Gs, Ww, Ww, Ww, Ww, Hh^Fms, Mm, Mm, Mm, Mm, Hh^Fms, Hh^Fms, Hh, Gs
Gg^Eff, Rb^Gvs, Rb^Gvs, Rb^Gvs, Rb^Gvs, Rb^Gvs, Rb^Gvs, Rb^Gvs, Rb^Eff, Rb^Eff, Gg, Gg, Gg, Gg^Es, Gs, Gg, Gs^Fms, Gs^Fms, Gg, Gg, Gs, Gs, Ds, Ww, Ww, Ww, Wo, Wo, Ww, Ds, Gs, Gs, Gg, Gg, Gg, Gg, Ce, Gg, Ce, Gg, Ce, Gg, Gg, Gg, Rr, Rr, Rr, Gg, Gs, Gg, Gg, Gs, Gg, Rr^Vhc, Gg, Gg, Gg, Gg, Gg, Gs, Ds, Ww, Ds, Ww, Ww, Ww, Wo, Ww, Ww, Ww, Ww, Ww, Ww, Wo, Ww, Ww, Ds, Ds, Gs, Gg, Gg, Gs, Hh, Hh, Hh^Fms, Ww, Hh^Fms, Hh^Fms, Mm, Mm, Mm, Mm, Hh^Fms, Hh^Fms, Hh, Gs
Gs, Gg^Eff, Gg^Eff, Rb^Gvs, Gs^Vl, Rb^Gvs, Rb^Eff, Rb^Eff, Gg, Gg, Gs, Gs, Gg, Gs^Es, Gs, Gg, Gg, Gg, Gs, Gs, Ds, Ds, Ww, Ww, Ww, Ww, Ww, Ww, Ds, Ds, Gs, Gg^Es, Gs, Gs, Gg, Gg, Gg, Ce, 1 Ke, Ce, Gs, Gg, Gg, Gg, Rr, Rr, Rr, Gg, Gs, Gs, Gg, Gg, Gg, Gs, Gg, Gs, Gg, Gg, Gg, Gs, Gs, Ds, Gs, Ds, Ww, Ww, Wo, Wo, Ww, Ds, Ds, Ds, Ds, Ww, Ww, Ds, Gs, Gs, Gs, Gg, Gs, Gs, Hh, Hh^Fms, Mm, Hh^Fms, Mm, Hh^Fms, Mm, Mm, Mm, Mm, Hh^Fms, Hh, Gs, Gs
Gg^Es, Gg, Gs, Gg^Eff, Gg^Eff, Rb^Eff, Gg, Gg, Gg, Gs^Fms, Gg, Gg, Gs, Gg, Gs, Gg, Gs^Fms, Gg, Gs^Fms, Ds, Ww, Ww, Ww, Ww, Ww, Ww, Gs^Fms, Gs, Gs, Gs, Gs, Gg, Gg, Gg, Gs^Fms, Gg, Ce, Ce, Ce, Ce, Ce, Gg, Rr, Rr, Rr, Rr, Rr, Gg, Gs, Gs, Gg, Gs, Gg, Gs, Gs^Es, Gs, Gg, Gg, Gg, Gg, Gg, Gs, Gs, Ds, Ds, Ww, Wo, Ww, Ds, Ds, Ds, Ds, Ww, Ww, Ww, Ds, Gs, Gg, Gs, Gs^Es, Gg, Gs, Hh, Hh^Fms, Mm, Mm, Mm, Mm, Mm, Mm, Hh^Fms, Hh^Fms, Hh, Hh, Gs, Gg
Gs, Gg, Gg, Gs, Gg, Gs^Es, Gs, Gg, Gs, Gs, Gg, Gs^Fms, Gs, Gs, Ds, Gs, Gs^Fms, Gs, Ww, Ww, Ww, Ww, Ww, Ww, Gs, Gs^Fms, Gs, Gs^Fms, Gs^Fms, Gg, Gg, Gg, Gg, Gg, Gg, Gs, Gg, Gg, Ce, Gg, Rr, Rr, Rr, Rr, Rr, Rr, Gg, Gg, Gg, Gg, Gg, Gg, Gg, Gs, Gs, Gs, Gg, Gs, Gg, Gs, Gg, Gg, Gg, Gs, Ds, Ww, Ww, Ww, Ds, Ds, Ds, Ds, Ds, Ww, Ww, Ds, Gs, Gs, Gg^Es, Gs, Gg, Gs, Hh, Hh^Fms, Hh^Fms, Mm, Hh^Fms, Mm, Hh^Fms, Hh^Fms, Hh, Hh, Gs, Gs, Gs, Gg
Gs^Fms, Gs, Gs^Fms, Gg, Gs, Gg, Gs, Gs^Fms, Gs^Fms, Gs^Fms, Gs, Gs, Ds, Ds, Ww, Ds, Ww, Ww, Wo, Ww, Wo, Wo, Ww, Ds, Gs, Gs^Fms, Gs^Fms, Gs, Gs, Gg, Gg, Gg, Gg, Gs, Re^Vct, Gg, Gg, Gg, Rr, Rr, Rr, Rr, Rr, Rr, Gg, Gg, Gg, Gg, Gs, Gs^Es, Gg, Gg, Gg, Gg, Gg, Gs, Gg, Gg, Gg, Gg^Es, Gg, Gs, Gs, Gs, Gs, Ds, Ww, Ww, Ww, Ds, Ww, Ww, Ww, Ww, Ww, Ds, Ds, Gs, Gs, Gs, Gg^Es, Gs, Hh, Hh^Fms, Hh^Fms, Hh^Fms, Hh, Hh^Fms, Hh^Fms, Hh^Fms, Hh, Gs, Gg, Gg, Gg, Gg^Es
Gg, Gg, Gs^Fms, Gs, Gs^Fms, Gg, Gs, Gs^Fms, Gg, Gs, Gs^Fms, Gs^Fms, Ww, Ww, Ww, Ww, Wo, Ww, Ww, Ww, Ww, Ww, Ds, Ds, Gs, Gg, Gs^Fms, Gg, Rr^Vhc, Gg, Gs^Fms, Gg, Gg, Gg, Gs, Gg, Gg, Rr, Rr, Rr, Rr, Rr, Gg, Gg, Gs, Gs, Gg, Gg, Gs, Gg, Gg, Gg, Gs^Es, Gg, Gs, Gs, Gg, Gs, Gs^Fms, Gg, Gs, Gg, Gg^Es, Gg, Gs, Ds, Ww, Wo, Ww, Ds, Ds, Ds, Ww, Wo, Wo, Ww, Ww, Ds, Ds, Gs, Gg, Gs, Gs, Hh, Hh, Hh, Hh, Hh, Hh, Hh, Gs, Gs, Gg, Gs, Gg, Gg
Gg, Gs, Gg, Gg, Gs, Gs, Gs, Gs^Fms, Gg, Gg, Ww, Ww, Ww, Ww, Wo, Wo, Wo, Wo, Ww, Gg, Gs^Fms, Ds, Gs, Gs, Gg, Gs, Gs, Gs, Gg, Gs, Gg, Gg, Gs, Gg, Gg, Gg, Gg, Rr, Rr, Rr, Gg, Gg, Gg, Gs, Gg, Gg, Gs^Fms, Gg, Gg, Gs, Gs, Gg, Gs, Gs, Gg, Gg, Gg, Gs, Gs, Gs^Fms, Gg, Gg, Gg, Gg, Gs, Ds, Ds, Ww, Wo, Ww, Ww, Ds, Ww, Ww, Wo, Wo, Wo, Ww, Ds, Gs, Gs, Gg^Es, Gs, Hh, Gs, Gs, Gs, Gs, Gs, Gs, Gs, Gg, Gs^Es, Gs, Gs, Gg
Gs^Fms, Gs, Gs, Gs, Ds, Ds, Ds, Gg, Ww, Ww, Wo, Wo, Wo, Wo, Ww, Ww, Ww, Ww, Gs, Gs^Fms, Gs, Gs, Gg, Gg, Gg, Gg, Gg, Gg, Gg, Gs, Gg, Gg, Gg^Es, Gg, Gg, Gs, Gg, Rr, Rr, Rr, Gg, Gg, Gg, Gs, Gg, Gg, Gs^Fms, Gg, Gg, Gg, Gg, Gs, Gs, Gg, Gg^Es, Gg, Gg, Gg, Gg, Gs^Fms, Gs, Gg, Gg, Gg, Gg, Gs, Ds, Ww, Wo, Ww, Ds, Ds, Ds, Ww, Ww, Wo, Wo, Ww, Ww, Ds, Gs, Gs, Gg, Gs, Gg, Gg, Gs, Gg, Gs, Gg, Gg, Gg, Gg, Gg, Gg, Gg
Gg, Gs, Ds, Ds, Ww, Ww, Ww, Ww, Wo, Wo, Wo, Wo, Ww, Ww, Ds, Ds, Ds, Ds, Gs, Gs^Fms, Gg, Gg, Gg, Gg, Gg, Gg, Gg, Gg, Gg, Gs^Fms, Gg, Gg, Gg, Gg, Gg, Gg, Gg, Rr, Rr, Rr, Gg, Gg, Gs, Gg, Gg, Gs, Gs, Gg, Gg, Gg, Gg, Gg, Gg, Gg, Gg^Es, Gg, Gg, Gg, Gg, Gg, Gg, Gg, Gg, Gg^Es, Gg, Gs, Ds, Ww, Wo, Ww, Ds, Ds, Ds, Ds, Ds, Ww, Wo, Wo, Ww, Ds, Ds, Gs, Gg, Gg, Gs, Gg, Gg, Gg, Gg, Gg^Es, Gs, Gg, Gg, Gg, Gs, Gg
Wo, Gs, Ds, Ww, Wo, Wo, Wo, Wo, Wo, Ww, Ww, Ww, Gs, Ds, Gs, Gs, Gs, Gs, Gg, Gg, Gg, Gg, Gg, Gg, Gg, Gg, Gg, Gg, Gg, Gg, Gg, Gs, Gs, Gg, Gs^Es, Gs, Gg, Rr, Rr, Rr, Gg, Gg, Gs, Gg, Gg, Gs^Fms, Gg, Gs, Gs, Gs, Gg, Gg, Gg, Gg, Gg, Gg, Gs, Gg, Gg, Gg, Gg, Gg, Gg, Gg, Gg, Gs, Ds, Ww, Wo, Ww, Wo, Ds, Wo, Ds, Ds, Ww, Wo, Wo, Wo, Ww, Ds, Gs, Gg, Gg, Gs, Gg, Gg, Gg, Gg, Gg, Gs, Gs, Gg, Gg, Gg, Gs
